Visual Studio: E:\Applications\Microsoft VS\2022
Compiler: E:\Applications\Microsoft VS\2022\VC\Tools\MSVC\14.38.33130\bin\HostX64\x64\cl.exe
Running: E:\Applications\JetBrains\CLion\bin\cmake\win\x64\bin\cmake.exe --version
cmake version 4.3.1

CMake suite maintained and supported by Kitware (kitware.com/cmake).
Running: E:\Applications\JetBrains\CLion\bin\ninja\win\x64\ninja.exe --version
1.13.2
Running: E:\Applications\JetBrains\CLion\bin\cmake\win\x64\bin\cmake.exe --preset windows-release -B F:\GameDevelop\OpenGLProject\Symocraft\out\m2-t3\release -DCMAKE_MAKE_PROGRAM=E:\Applications\JetBrains\CLion\bin\ninja\win\x64\ninja.exe -DCMAKE_C_COMPILER=E:\Applications\Microsoft VS\2022\VC\Tools\MSVC\14.38.33130\bin\HostX64\x64\cl.exe -DCMAKE_CXX_COMPILER=E:\Applications\Microsoft VS\2022\VC\Tools\MSVC\14.38.33130\bin\HostX64\x64\cl.exe
-- The C compiler identification is MSVC 19.38.33145.0
-- The CXX compiler identification is MSVC 19.38.33145.0
-- Detecting C compiler ABI info
-- Detecting C compiler ABI info - done
-- Check for working C compiler: E:/Applications/Microsoft VS/2022/VC/Tools/MSVC/14.38.33130/bin/HostX64/x64/cl.exe - skipped
-- Detecting C compile features
-- Detecting C compile features - done
-- Detecting CXX compiler ABI info
-- Detecting CXX compiler ABI info - done
-- Check for working CXX compiler: E:/Applications/Microsoft VS/2022/VC/Tools/MSVC/14.38.33130/bin/HostX64/x64/cl.exe - skipped
-- Detecting CXX compile features
-- Detecting CXX compile features - done
-- Performing Test CMAKE_HAVE_LIBC_PTHREAD
-- Performing Test CMAKE_HAVE_LIBC_PTHREAD - Failed
-- Looking for pthread_create in pthreads
-- Looking for pthread_create in pthreads - not found
-- Looking for pthread_create in pthread
-- Looking for pthread_create in pthread - not found
-- Found Threads: TRUE
-- Using Win32 for window creation
-- Configuring done (2.1s)
-- Generating done (0.1s)
-- Build files have been written to: F:/GameDevelop/OpenGLProject/Symocraft/out/m2-t3/release
Running: E:\Applications\JetBrains\CLion\bin\cmake\win\x64\bin\cmake.exe --build F:\GameDevelop\OpenGLProject\Symocraft\out\m2-t3\release --parallel 8
[1/123] Building C object CMakeFiles\symocraft_glad.dir\vendor\glad\glad.c.obj
[2/123] Building CXX object CMakeFiles\symocraft_gpu_timer.dir\src\renderer\gpu_timer.cpp.obj
[3/123] Linking C static library symocraft_glad.lib
[4/123] Building CXX object CMakeFiles\symocraft_yaml.dir\vendor\yaml-cpp\src\binary.cpp.obj
[5/123] Building CXX object CMakeFiles\symocraft_yaml.dir\vendor\yaml-cpp\src\directives.cpp.obj
[6/123] Building CXX object CMakeFiles\symocraft_yaml.dir\vendor\yaml-cpp\src\depthguard.cpp.obj
[7/123] Building CXX object CMakeFiles\symocraft_yaml.dir\vendor\yaml-cpp\src\emitfromevents.cpp.obj
[8/123] Building CXX object CMakeFiles\symocraft_yaml.dir\vendor\yaml-cpp\src\emit.cpp.obj
[9/123] Building CXX object CMakeFiles\symocraft_yaml.dir\vendor\yaml-cpp\src\convert.cpp.obj
[10/123] Building CXX object CMakeFiles\symocraft_yaml.dir\vendor\yaml-cpp\src\exceptions.cpp.obj
[11/123] Building CXX object CMakeFiles\symocraft_yaml.dir\vendor\yaml-cpp\src\emitterstate.cpp.obj
[12/123] Building CXX object CMakeFiles\symocraft_yaml.dir\vendor\yaml-cpp\src\emitter.cpp.obj
[13/123] Building CXX object CMakeFiles\symocraft_yaml.dir\vendor\yaml-cpp\src\node.cpp.obj
[14/123] Building CXX object CMakeFiles\symocraft_yaml.dir\vendor\yaml-cpp\src\emitterutils.cpp.obj
[15/123] Building CXX object CMakeFiles\symocraft_yaml.dir\vendor\yaml-cpp\src\memory.cpp.obj
[16/123] Building CXX object CMakeFiles\symocraft_yaml.dir\vendor\yaml-cpp\src\exp.cpp.obj
[17/123] Building CXX object CMakeFiles\symocraft_yaml.dir\vendor\yaml-cpp\src\null.cpp.obj
[18/123] Building CXX object CMakeFiles\symocraft_yaml.dir\vendor\yaml-cpp\src\nodeevents.cpp.obj
[19/123] Building CXX object CMakeFiles\symocraft_yaml.dir\vendor\yaml-cpp\src\nodebuilder.cpp.obj
[20/123] Building CXX object CMakeFiles\symocraft_yaml.dir\vendor\yaml-cpp\src\node_data.cpp.obj
[21/123] Building CXX object CMakeFiles\symocraft_yaml.dir\vendor\yaml-cpp\src\ostream_wrapper.cpp.obj
[22/123] Building CXX object CMakeFiles\symocraft_yaml.dir\vendor\yaml-cpp\src\parse.cpp.obj
[23/123] Building CXX object CMakeFiles\symocraft_yaml.dir\vendor\yaml-cpp\src\regex_yaml.cpp.obj
[24/123] Building CXX object CMakeFiles\symocraft_yaml.dir\vendor\yaml-cpp\src\parser.cpp.obj
[25/123] Building CXX object CMakeFiles\symocraft_yaml.dir\vendor\yaml-cpp\src\scantag.cpp.obj
[26/123] Building CXX object CMakeFiles\symocraft_yaml.dir\vendor\yaml-cpp\src\scanner.cpp.obj
[27/123] Building CXX object CMakeFiles\symocraft_yaml.dir\vendor\yaml-cpp\src\scanscalar.cpp.obj
[28/123] Building CXX object CMakeFiles\symocraft_yaml.dir\vendor\yaml-cpp\src\stream.cpp.obj
[29/123] Building CXX object CMakeFiles\symocraft_yaml.dir\vendor\yaml-cpp\src\simplekey.cpp.obj
[30/123] Building C object vendor\glfw\src\CMakeFiles\glfw.dir\context.c.obj
[31/123] Building C object vendor\glfw\src\CMakeFiles\glfw.dir\init.c.obj
[32/123] Building CXX object CMakeFiles\symocraft_yaml.dir\vendor\yaml-cpp\src\tag.cpp.obj
[33/123] Building CXX object CMakeFiles\symocraft_yaml.dir\vendor\yaml-cpp\src\scantoken.cpp.obj
[34/123] Building CXX object CMakeFiles\symocraft_yaml.dir\vendor\yaml-cpp\src\singledocparser.cpp.obj
[35/123] Building C object vendor\glfw\src\CMakeFiles\glfw.dir\input.c.obj
[36/123] Building C object vendor\glfw\src\CMakeFiles\glfw.dir\monitor.c.obj
[37/123] Building C object vendor\glfw\src\CMakeFiles\glfw.dir\vulkan.c.obj
[38/123] Building C object vendor\glfw\src\CMakeFiles\glfw.dir\window.c.obj
[39/123] Building C object vendor\glfw\src\CMakeFiles\glfw.dir\win32_init.c.obj
[40/123] Synchronizing required SymoCraft runtime assets
[41/123] Building C object vendor\glfw\src\CMakeFiles\glfw.dir\win32_joystick.c.obj
[42/123] Building C object vendor\glfw\src\CMakeFiles\glfw.dir\win32_monitor.c.obj
[43/123] Building C object vendor\glfw\src\CMakeFiles\glfw.dir\win32_time.c.obj
[44/123] Building C object vendor\glfw\src\CMakeFiles\glfw.dir\win32_thread.c.obj
[45/123] Linking CXX static library symocraft_gpu_timer.lib
[46/123] Linking CXX static library symocraft_yaml.lib
[47/123] Building C object vendor\glfw\src\CMakeFiles\glfw.dir\win32_window.c.obj
[48/123] Building C object vendor\glfw\src\CMakeFiles\glfw.dir\egl_context.c.obj
[49/123] Building C object vendor\glfw\src\CMakeFiles\glfw.dir\wgl_context.c.obj
[50/123] Building C object vendor\glfw\src\CMakeFiles\glfw.dir\osmesa_context.c.obj
[51/123] Building CXX object CMakeFiles\SymoCraft.dir\src\core\startup_options.cpp.obj
[52/123] Building CXX object CMakeFiles\symocraft_assets.dir\src\core\asset_paths.cpp.obj
[53/123] Linking CXX static library symocraft_assets.lib
[54/123] Building CXX object CMakeFiles\SymoCraft.dir\include\MemoryAllocator\AmoBase.cpp.obj
[55/123] Building CXX object CMakeFiles\SymoCraft.dir\src\main.cpp.obj
[56/123] Building CXX object CMakeFiles\SymoCraft.dir\src\core\performance.cpp.obj
[57/123] Building CXX object CMakeFiles\SymoCraft.dir\src\camera\Camera.cpp.obj
[58/123] Building CXX object CMakeFiles\SymoCraft.dir\src\core\application.cpp.obj
[59/123] Building CXX object CMakeFiles\SymoCraft.dir\src\core\global_thread_pool.cpp.obj
[60/123] Building CXX object CMakeFiles\SymoCraft.dir\src\core\window.cpp.obj
[61/123] Building CXX object CMakeFiles\SymoCraft.dir\src\core\ECS\internal.cpp.obj
[62/123] Building CXX object CMakeFiles\SymoCraft.dir\src\core\ECS\registry.cpp.obj
[63/123] Building CXX object CMakeFiles\SymoCraft.dir\src\core\ECS\Systems\character_system.cpp.obj
[64/123] Building CXX object CMakeFiles\SymoCraft.dir\src\core\ECS\Systems\physics_system.cpp.obj
[65/123] Building CXX object CMakeFiles\SymoCraft.dir\src\core\ECS\Systems\transform_system.cpp.obj
[66/123] Building CXX object CMakeFiles\SymoCraft.dir\src\input\input.cpp.obj
[67/123] Building CXX object CMakeFiles\SymoCraft.dir\src\event\event.cpp.obj
[68/123] Building CXX object CMakeFiles\SymoCraft.dir\src\input\key_bindings.cpp.obj
[69/123] Building CXX object CMakeFiles\SymoCraft.dir\src\input\key_handler.cpp.obj
[70/123] Building CXX object CMakeFiles\SymoCraft.dir\src\renderer\performance_memory.cpp.obj
[71/123] Building CXX object CMakeFiles\SymoCraft.dir\src\playercontroller\playercontroller.cpp.obj
[72/123] Building CXX object CMakeFiles\SymoCraft.dir\src\renderer\renderer.cpp.obj
[73/123] Building CXX object CMakeFiles\SymoCraft.dir\src\renderer\shader.cpp.obj
[74/123] Building CXX object CMakeFiles\SymoCraft.dir\src\renderer\texture.cpp.obj
[75/123] Building CXX object CMakeFiles\SymoCraft.dir\src\renderer\shader_program.cpp.obj
[76/123] Linking C static library vendor\glfw\src\glfw3.lib
[77/123] Building CXX object CMakeFiles\SymoCraft.dir\src\world\chunk.cpp.obj
[78/123] Building CXX object CMakeFiles\SymoCraft.dir\src\world\block.cpp.obj
[79/123] Building CXX object CMakeFiles\SymoCraft.dir\src\world\generation.cpp.obj
[80/123] Building CXX object CMakeFiles\SymoCraft.dir\src\world\chunk_manager.cpp.obj
[81/123] Building CXX object CMakeFiles\SymoCraft.dir\src\world\test_scene.cpp.obj
[82/123] Building CXX object tests\CMakeFiles\player_math_tests.dir\player_math_tests.cpp.obj
[83/123] Building CXX object tests\CMakeFiles\asset_paths_tests.dir\asset_paths_tests.cpp.obj
[84/123] Building CXX object CMakeFiles\SymoCraft.dir\src\world\world_coordinates.cpp.obj
[85/123] Building CXX object CMakeFiles\SymoCraft.dir\src\world\world.cpp.obj
[86/123] Building CXX object tests\CMakeFiles\shader_loading_tests.dir\__\src\renderer\shader.cpp.obj
F:\GameDevelop\OpenGLProject\Symocraft\include\MemoryAllocator/RawMemory.h(51): warning C4458: declaration of 'offset' hides class member
F:\GameDevelop\OpenGLProject\Symocraft\include\MemoryAllocator/RawMemory.h(13): note: see declaration of 'RawMemory::offset'
F:\GameDevelop\OpenGLProject\Symocraft\include\MemoryAllocator/RawMemory.h(59): warning C4458: declaration of 'data' hides class member
F:\GameDevelop\OpenGLProject\Symocraft\include\MemoryAllocator/RawMemory.h(11): note: see declaration of 'RawMemory::data'
F:\GameDevelop\OpenGLProject\Symocraft\include\MemoryAllocator/RawMemory.h(59): warning C4100: 'data': unreferenced formal parameter
F:\GameDevelop\OpenGLProject\Symocraft\include\MemoryAllocator/RawMemory.h(64): warning C4189: 'new_size': local variable is initialized but not referenced
F:\GameDevelop\OpenGLProject\Symocraft\include\MemoryAllocator/RawMemory.h(70): warning C4458: declaration of 'data' hides class member
F:\GameDevelop\OpenGLProject\Symocraft\include\MemoryAllocator/RawMemory.h(11): note: see declaration of 'RawMemory::data'
[87/123] Building CXX object tests\CMakeFiles\shader_loading_tests.dir\shader_loading_tests.cpp.obj
F:\GameDevelop\OpenGLProject\Symocraft\include\MemoryAllocator/RawMemory.h(51): warning C4458: declaration of 'offset' hides class member
F:\GameDevelop\OpenGLProject\Symocraft\include\MemoryAllocator/RawMemory.h(13): note: see declaration of 'RawMemory::offset'
F:\GameDevelop\OpenGLProject\Symocraft\include\MemoryAllocator/RawMemory.h(59): warning C4458: declaration of 'data' hides class member
F:\GameDevelop\OpenGLProject\Symocraft\include\MemoryAllocator/RawMemory.h(11): note: see declaration of 'RawMemory::data'
F:\GameDevelop\OpenGLProject\Symocraft\include\MemoryAllocator/RawMemory.h(59): warning C4100: 'data': unreferenced formal parameter
F:\GameDevelop\OpenGLProject\Symocraft\include\MemoryAllocator/RawMemory.h(64): warning C4189: 'new_size': local variable is initialized but not referenced
F:\GameDevelop\OpenGLProject\Symocraft\include\MemoryAllocator/RawMemory.h(70): warning C4458: declaration of 'data' hides class member
F:\GameDevelop\OpenGLProject\Symocraft\include\MemoryAllocator/RawMemory.h(11): note: see declaration of 'RawMemory::data'
[88/123] Building CXX object tests\CMakeFiles\shader_loading_tests.dir\__\src\renderer\shader_program.cpp.obj
F:\GameDevelop\OpenGLProject\Symocraft\include\MemoryAllocator/RawMemory.h(51): warning C4458: declaration of 'offset' hides class member
F:\GameDevelop\OpenGLProject\Symocraft\include\MemoryAllocator/RawMemory.h(13): note: see declaration of 'RawMemory::offset'
F:\GameDevelop\OpenGLProject\Symocraft\include\MemoryAllocator/RawMemory.h(59): warning C4458: declaration of 'data' hides class member
F:\GameDevelop\OpenGLProject\Symocraft\include\MemoryAllocator/RawMemory.h(11): note: see declaration of 'RawMemory::data'
F:\GameDevelop\OpenGLProject\Symocraft\include\MemoryAllocator/RawMemory.h(59): warning C4100: 'data': unreferenced formal parameter
F:\GameDevelop\OpenGLProject\Symocraft\include\MemoryAllocator/RawMemory.h(64): warning C4189: 'new_size': local variable is initialized but not referenced
F:\GameDevelop\OpenGLProject\Symocraft\include\MemoryAllocator/RawMemory.h(70): warning C4458: declaration of 'data' hides class member
F:\GameDevelop\OpenGLProject\Symocraft\include\MemoryAllocator/RawMemory.h(11): note: see declaration of 'RawMemory::data'
[89/123] Building CXX object tests\CMakeFiles\batch_safety_tests.dir\batch_safety_tests.cpp.obj
F:\GameDevelop\OpenGLProject\Symocraft\include\MemoryAllocator/RawMemory.h(51): warning C4458: declaration of 'offset' hides class member
F:\GameDevelop\OpenGLProject\Symocraft\include\MemoryAllocator/RawMemory.h(13): note: see declaration of 'RawMemory::offset'
F:\GameDevelop\OpenGLProject\Symocraft\include\MemoryAllocator/RawMemory.h(59): warning C4458: declaration of 'data' hides class member
F:\GameDevelop\OpenGLProject\Symocraft\include\MemoryAllocator/RawMemory.h(11): note: see declaration of 'RawMemory::data'
F:\GameDevelop\OpenGLProject\Symocraft\include\MemoryAllocator/RawMemory.h(59): warning C4100: 'data': unreferenced formal parameter
F:\GameDevelop\OpenGLProject\Symocraft\include\MemoryAllocator/RawMemory.h(64): warning C4189: 'new_size': local variable is initialized but not referenced
F:\GameDevelop\OpenGLProject\Symocraft\include\MemoryAllocator/RawMemory.h(70): warning C4458: declaration of 'data' hides class member
F:\GameDevelop\OpenGLProject\Symocraft\include\MemoryAllocator/RawMemory.h(11): note: see declaration of 'RawMemory::data'
[90/123] Building CXX object tests\CMakeFiles\mesh_safety_tests.dir\mesh_safety_tests.cpp.obj
F:\GameDevelop\OpenGLProject\Symocraft\include\MemoryAllocator/RawMemory.h(51): warning C4458: declaration of 'offset' hides class member
F:\GameDevelop\OpenGLProject\Symocraft\include\MemoryAllocator/RawMemory.h(13): note: see declaration of 'RawMemory::offset'
F:\GameDevelop\OpenGLProject\Symocraft\include\MemoryAllocator/RawMemory.h(59): warning C4458: declaration of 'data' hides class member
F:\GameDevelop\OpenGLProject\Symocraft\include\MemoryAllocator/RawMemory.h(11): note: see declaration of 'RawMemory::data'
F:\GameDevelop\OpenGLProject\Symocraft\include\MemoryAllocator/RawMemory.h(59): warning C4100: 'data': unreferenced formal parameter
F:\GameDevelop\OpenGLProject\Symocraft\include\MemoryAllocator/RawMemory.h(64): warning C4189: 'new_size': local variable is initialized but not referenced
F:\GameDevelop\OpenGLProject\Symocraft\include\MemoryAllocator/RawMemory.h(70): warning C4458: declaration of 'data' hides class member
F:\GameDevelop\OpenGLProject\Symocraft\include\MemoryAllocator/RawMemory.h(11): note: see declaration of 'RawMemory::data'
[91/123] Building CXX object tests\CMakeFiles\mesh_safety_tests.dir\__\include\MemoryAllocator\AmoBase.cpp.obj
F:\GameDevelop\OpenGLProject\Symocraft\include\MemoryAllocator\AmoBase.cpp(338): warning C4996: 'localtime': This function or variable may be unsafe. Consider using localtime_s instead. To disable deprecation, use _CRT_SECURE_NO_WARNINGS. See online help for details.
F:\GameDevelop\OpenGLProject\Symocraft\include\MemoryAllocator\AmoBase.cpp(363): warning C4996: 'localtime': This function or variable may be unsafe. Consider using localtime_s instead. To disable deprecation, use _CRT_SECURE_NO_WARNINGS. See online help for details.
F:\GameDevelop\OpenGLProject\Symocraft\include\MemoryAllocator\AmoBase.cpp(388): warning C4996: 'localtime': This function or variable may be unsafe. Consider using localtime_s instead. To disable deprecation, use _CRT_SECURE_NO_WARNINGS. See online help for details.
F:\GameDevelop\OpenGLProject\Symocraft\include\MemoryAllocator\AmoBase.cpp(413): warning C4996: 'localtime': This function or variable may be unsafe. Consider using localtime_s instead. To disable deprecation, use _CRT_SECURE_NO_WARNINGS. See online help for details.
F:\GameDevelop\OpenGLProject\Symocraft\include\MemoryAllocator\AmoBase.cpp(438): warning C4996: 'localtime': This function or variable may be unsafe. Consider using localtime_s instead. To disable deprecation, use _CRT_SECURE_NO_WARNINGS. See online help for details.
[92/123] Building CXX object tests\CMakeFiles\mesh_safety_tests.dir\__\src\world\chunk.cpp.obj
F:\GameDevelop\OpenGLProject\Symocraft\include\MemoryAllocator/RawMemory.h(51): warning C4458: declaration of 'offset' hides class member
F:\GameDevelop\OpenGLProject\Symocraft\include\MemoryAllocator/RawMemory.h(13): note: see declaration of 'RawMemory::offset'
F:\GameDevelop\OpenGLProject\Symocraft\include\MemoryAllocator/RawMemory.h(59): warning C4458: declaration of 'data' hides class member
F:\GameDevelop\OpenGLProject\Symocraft\include\MemoryAllocator/RawMemory.h(11): note: see declaration of 'RawMemory::data'
F:\GameDevelop\OpenGLProject\Symocraft\include\MemoryAllocator/RawMemory.h(59): warning C4100: 'data': unreferenced formal parameter
F:\GameDevelop\OpenGLProject\Symocraft\include\MemoryAllocator/RawMemory.h(64): warning C4189: 'new_size': local variable is initialized but not referenced
F:\GameDevelop\OpenGLProject\Symocraft\include\MemoryAllocator/RawMemory.h(70): warning C4458: declaration of 'data' hides class member
F:\GameDevelop\OpenGLProject\Symocraft\include\MemoryAllocator/RawMemory.h(11): note: see declaration of 'RawMemory::data'
[93/123] Building CXX object tests\CMakeFiles\mesh_safety_tests.dir\__\src\world\generation.cpp.obj
F:\GameDevelop\OpenGLProject\Symocraft\include\MemoryAllocator/RawMemory.h(51): warning C4458: declaration of 'offset' hides class member
F:\GameDevelop\OpenGLProject\Symocraft\include\MemoryAllocator/RawMemory.h(13): note: see declaration of 'RawMemory::offset'
F:\GameDevelop\OpenGLProject\Symocraft\include\MemoryAllocator/RawMemory.h(59): warning C4458: declaration of 'data' hides class member
F:\GameDevelop\OpenGLProject\Symocraft\include\MemoryAllocator/RawMemory.h(11): note: see declaration of 'RawMemory::data'
F:\GameDevelop\OpenGLProject\Symocraft\include\MemoryAllocator/RawMemory.h(59): warning C4100: 'data': unreferenced formal parameter
F:\GameDevelop\OpenGLProject\Symocraft\include\MemoryAllocator/RawMemory.h(64): warning C4189: 'new_size': local variable is initialized but not referenced
F:\GameDevelop\OpenGLProject\Symocraft\include\MemoryAllocator/RawMemory.h(70): warning C4458: declaration of 'data' hides class member
F:\GameDevelop\OpenGLProject\Symocraft\include\MemoryAllocator/RawMemory.h(11): note: see declaration of 'RawMemory::data'
[94/123] Building CXX object tests\CMakeFiles\key_snapshot_tests.dir\key_snapshot_tests.cpp.obj
[95/123] Building CXX object tests\CMakeFiles\startup_options_tests.dir\__\src\core\startup_options.cpp.obj
[96/123] Building CXX object tests\CMakeFiles\startup_options_tests.dir\startup_options_tests.cpp.obj
E:\Applications\Microsoft VS\2022\VC\Tools\MSVC\14.38.33130\include\optional(831): warning C4389: '==': signed/unsigned mismatch
E:\Applications\Microsoft VS\2022\VC\Tools\MSVC\14.38.33130\include\optional(831): note: the template instantiation context (the oldest one first) is
F:\GameDevelop\OpenGLProject\Symocraft\tests\startup_options_tests.cpp(23): note: see reference to function template instantiation 'bool std::operator ==<uint32_t,int,0>(const std::optional<uint32_t> &,const _Ty2 &) noexcept(<expr>)' being compiled
        with
        [
            _Ty2=int
        ]
E:\Applications\Microsoft VS\2022\VC\Tools\MSVC\14.38.33130\include\optional(833): warning C4389: '==': signed/unsigned mismatch
E:\Applications\Microsoft VS\2022\VC\Tools\MSVC\14.38.33130\include\optional(833): note: the template instantiation context (the oldest one first) is
F:\GameDevelop\OpenGLProject\Symocraft\tests\startup_options_tests.cpp(23): note: see reference to function template instantiation 'bool std::operator ==<uint32_t,int,0>(const std::optional<uint32_t> &,const _Ty2 &) noexcept' being compiled
        with
        [
            _Ty2=int
        ]
[97/123] Building CXX object tests\CMakeFiles\mesh_safety_tests.dir\__\src\world\chunk_manager.cpp.obj
F:\GameDevelop\OpenGLProject\Symocraft\include\MemoryAllocator/RawMemory.h(51): warning C4458: declaration of 'offset' hides class member
F:\GameDevelop\OpenGLProject\Symocraft\include\MemoryAllocator/RawMemory.h(13): note: see declaration of 'RawMemory::offset'
F:\GameDevelop\OpenGLProject\Symocraft\include\MemoryAllocator/RawMemory.h(59): warning C4458: declaration of 'data' hides class member
F:\GameDevelop\OpenGLProject\Symocraft\include\MemoryAllocator/RawMemory.h(11): note: see declaration of 'RawMemory::data'
F:\GameDevelop\OpenGLProject\Symocraft\include\MemoryAllocator/RawMemory.h(59): warning C4100: 'data': unreferenced formal parameter
F:\GameDevelop\OpenGLProject\Symocraft\include\MemoryAllocator/RawMemory.h(64): warning C4189: 'new_size': local variable is initialized but not referenced
F:\GameDevelop\OpenGLProject\Symocraft\include\MemoryAllocator/RawMemory.h(70): warning C4458: declaration of 'data' hides class member
F:\GameDevelop\OpenGLProject\Symocraft\include\MemoryAllocator/RawMemory.h(11): note: see declaration of 'RawMemory::data'
[98/123] Building CXX object tests\CMakeFiles\mesh_safety_tests.dir\__\src\world\world_coordinates.cpp.obj
F:\GameDevelop\OpenGLProject\Symocraft\include\MemoryAllocator/RawMemory.h(51): warning C4458: declaration of 'offset' hides class member
F:\GameDevelop\OpenGLProject\Symocraft\include\MemoryAllocator/RawMemory.h(13): note: see declaration of 'RawMemory::offset'
F:\GameDevelop\OpenGLProject\Symocraft\include\MemoryAllocator/RawMemory.h(59): warning C4458: declaration of 'data' hides class member
F:\GameDevelop\OpenGLProject\Symocraft\include\MemoryAllocator/RawMemory.h(11): note: see declaration of 'RawMemory::data'
F:\GameDevelop\OpenGLProject\Symocraft\include\MemoryAllocator/RawMemory.h(59): warning C4100: 'data': unreferenced formal parameter
F:\GameDevelop\OpenGLProject\Symocraft\include\MemoryAllocator/RawMemory.h(64): warning C4189: 'new_size': local variable is initialized but not referenced
F:\GameDevelop\OpenGLProject\Symocraft\include\MemoryAllocator/RawMemory.h(70): warning C4458: declaration of 'data' hides class member
F:\GameDevelop\OpenGLProject\Symocraft\include\MemoryAllocator/RawMemory.h(11): note: see declaration of 'RawMemory::data'
[99/123] Building CXX object tests\CMakeFiles\block_config_tests.dir\block_config_tests.cpp.obj
F:\GameDevelop\OpenGLProject\Symocraft\include\MemoryAllocator/RawMemory.h(51): warning C4458: declaration of 'offset' hides class member
F:\GameDevelop\OpenGLProject\Symocraft\include\MemoryAllocator/RawMemory.h(13): note: see declaration of 'RawMemory::offset'
F:\GameDevelop\OpenGLProject\Symocraft\include\MemoryAllocator/RawMemory.h(59): warning C4458: declaration of 'data' hides class member
F:\GameDevelop\OpenGLProject\Symocraft\include\MemoryAllocator/RawMemory.h(11): note: see declaration of 'RawMemory::data'
F:\GameDevelop\OpenGLProject\Symocraft\include\MemoryAllocator/RawMemory.h(59): warning C4100: 'data': unreferenced formal parameter
F:\GameDevelop\OpenGLProject\Symocraft\include\MemoryAllocator/RawMemory.h(64): warning C4189: 'new_size': local variable is initialized but not referenced
F:\GameDevelop\OpenGLProject\Symocraft\include\MemoryAllocator/RawMemory.h(70): warning C4458: declaration of 'data' hides class member
F:\GameDevelop\OpenGLProject\Symocraft\include\MemoryAllocator/RawMemory.h(11): note: see declaration of 'RawMemory::data'
[100/123] Building CXX object tests\CMakeFiles\block_config_tests.dir\__\src\world\block.cpp.obj
F:\GameDevelop\OpenGLProject\Symocraft\include\MemoryAllocator/RawMemory.h(51): warning C4458: declaration of 'offset' hides class member
F:\GameDevelop\OpenGLProject\Symocraft\include\MemoryAllocator/RawMemory.h(13): note: see declaration of 'RawMemory::offset'
F:\GameDevelop\OpenGLProject\Symocraft\include\MemoryAllocator/RawMemory.h(59): warning C4458: declaration of 'data' hides class member
F:\GameDevelop\OpenGLProject\Symocraft\include\MemoryAllocator/RawMemory.h(11): note: see declaration of 'RawMemory::data'
F:\GameDevelop\OpenGLProject\Symocraft\include\MemoryAllocator/RawMemory.h(59): warning C4100: 'data': unreferenced formal parameter
F:\GameDevelop\OpenGLProject\Symocraft\include\MemoryAllocator/RawMemory.h(64): warning C4189: 'new_size': local variable is initialized but not referenced
F:\GameDevelop\OpenGLProject\Symocraft\include\MemoryAllocator/RawMemory.h(70): warning C4458: declaration of 'data' hides class member
F:\GameDevelop\OpenGLProject\Symocraft\include\MemoryAllocator/RawMemory.h(11): note: see declaration of 'RawMemory::data'
[101/123] Building CXX object tests\CMakeFiles\world_generation_tests.dir\world_generation_tests.cpp.obj
F:\GameDevelop\OpenGLProject\Symocraft\include\MemoryAllocator/RawMemory.h(51): warning C4458: declaration of 'offset' hides class member
F:\GameDevelop\OpenGLProject\Symocraft\include\MemoryAllocator/RawMemory.h(13): note: see declaration of 'RawMemory::offset'
F:\GameDevelop\OpenGLProject\Symocraft\include\MemoryAllocator/RawMemory.h(59): warning C4458: declaration of 'data' hides class member
F:\GameDevelop\OpenGLProject\Symocraft\include\MemoryAllocator/RawMemory.h(11): note: see declaration of 'RawMemory::data'
F:\GameDevelop\OpenGLProject\Symocraft\include\MemoryAllocator/RawMemory.h(59): warning C4100: 'data': unreferenced formal parameter
F:\GameDevelop\OpenGLProject\Symocraft\include\MemoryAllocator/RawMemory.h(64): warning C4189: 'new_size': local variable is initialized but not referenced
F:\GameDevelop\OpenGLProject\Symocraft\include\MemoryAllocator/RawMemory.h(70): warning C4458: declaration of 'data' hides class member
F:\GameDevelop\OpenGLProject\Symocraft\include\MemoryAllocator/RawMemory.h(11): note: see declaration of 'RawMemory::data'
[102/123] Building CXX object tests\CMakeFiles\world_generation_tests.dir\__\src\world\generation.cpp.obj
F:\GameDevelop\OpenGLProject\Symocraft\include\MemoryAllocator/RawMemory.h(51): warning C4458: declaration of 'offset' hides class member
F:\GameDevelop\OpenGLProject\Symocraft\include\MemoryAllocator/RawMemory.h(13): note: see declaration of 'RawMemory::offset'
F:\GameDevelop\OpenGLProject\Symocraft\include\MemoryAllocator/RawMemory.h(59): warning C4458: declaration of 'data' hides class member
F:\GameDevelop\OpenGLProject\Symocraft\include\MemoryAllocator/RawMemory.h(11): note: see declaration of 'RawMemory::data'
F:\GameDevelop\OpenGLProject\Symocraft\include\MemoryAllocator/RawMemory.h(59): warning C4100: 'data': unreferenced formal parameter
F:\GameDevelop\OpenGLProject\Symocraft\include\MemoryAllocator/RawMemory.h(64): warning C4189: 'new_size': local variable is initialized but not referenced
F:\GameDevelop\OpenGLProject\Symocraft\include\MemoryAllocator/RawMemory.h(70): warning C4458: declaration of 'data' hides class member
F:\GameDevelop\OpenGLProject\Symocraft\include\MemoryAllocator/RawMemory.h(11): note: see declaration of 'RawMemory::data'
[103/123] Building CXX object tests\CMakeFiles\world_generation_tests.dir\__\src\world\chunk.cpp.obj
F:\GameDevelop\OpenGLProject\Symocraft\include\MemoryAllocator/RawMemory.h(51): warning C4458: declaration of 'offset' hides class member
F:\GameDevelop\OpenGLProject\Symocraft\include\MemoryAllocator/RawMemory.h(13): note: see declaration of 'RawMemory::offset'
F:\GameDevelop\OpenGLProject\Symocraft\include\MemoryAllocator/RawMemory.h(59): warning C4458: declaration of 'data' hides class member
F:\GameDevelop\OpenGLProject\Symocraft\include\MemoryAllocator/RawMemory.h(11): note: see declaration of 'RawMemory::data'
F:\GameDevelop\OpenGLProject\Symocraft\include\MemoryAllocator/RawMemory.h(59): warning C4100: 'data': unreferenced formal parameter
F:\GameDevelop\OpenGLProject\Symocraft\include\MemoryAllocator/RawMemory.h(64): warning C4189: 'new_size': local variable is initialized but not referenced
F:\GameDevelop\OpenGLProject\Symocraft\include\MemoryAllocator/RawMemory.h(70): warning C4458: declaration of 'data' hides class member
F:\GameDevelop\OpenGLProject\Symocraft\include\MemoryAllocator/RawMemory.h(11): note: see declaration of 'RawMemory::data'
[104/123] Building CXX object tests\CMakeFiles\world_generation_tests.dir\__\src\world\chunk_manager.cpp.obj
F:\GameDevelop\OpenGLProject\Symocraft\include\MemoryAllocator/RawMemory.h(51): warning C4458: declaration of 'offset' hides class member
F:\GameDevelop\OpenGLProject\Symocraft\include\MemoryAllocator/RawMemory.h(13): note: see declaration of 'RawMemory::offset'
F:\GameDevelop\OpenGLProject\Symocraft\include\MemoryAllocator/RawMemory.h(59): warning C4458: declaration of 'data' hides class member
F:\GameDevelop\OpenGLProject\Symocraft\include\MemoryAllocator/RawMemory.h(11): note: see declaration of 'RawMemory::data'
F:\GameDevelop\OpenGLProject\Symocraft\include\MemoryAllocator/RawMemory.h(59): warning C4100: 'data': unreferenced formal parameter
F:\GameDevelop\OpenGLProject\Symocraft\include\MemoryAllocator/RawMemory.h(64): warning C4189: 'new_size': local variable is initialized but not referenced
F:\GameDevelop\OpenGLProject\Symocraft\include\MemoryAllocator/RawMemory.h(70): warning C4458: declaration of 'data' hides class member
F:\GameDevelop\OpenGLProject\Symocraft\include\MemoryAllocator/RawMemory.h(11): note: see declaration of 'RawMemory::data'
[105/123] Building CXX object tests\CMakeFiles\world_generation_tests.dir\__\src\world\block.cpp.obj
F:\GameDevelop\OpenGLProject\Symocraft\include\MemoryAllocator/RawMemory.h(51): warning C4458: declaration of 'offset' hides class member
F:\GameDevelop\OpenGLProject\Symocraft\include\MemoryAllocator/RawMemory.h(13): note: see declaration of 'RawMemory::offset'
F:\GameDevelop\OpenGLProject\Symocraft\include\MemoryAllocator/RawMemory.h(59): warning C4458: declaration of 'data' hides class member
F:\GameDevelop\OpenGLProject\Symocraft\include\MemoryAllocator/RawMemory.h(11): note: see declaration of 'RawMemory::data'
F:\GameDevelop\OpenGLProject\Symocraft\include\MemoryAllocator/RawMemory.h(59): warning C4100: 'data': unreferenced formal parameter
F:\GameDevelop\OpenGLProject\Symocraft\include\MemoryAllocator/RawMemory.h(64): warning C4189: 'new_size': local variable is initialized but not referenced
F:\GameDevelop\OpenGLProject\Symocraft\include\MemoryAllocator/RawMemory.h(70): warning C4458: declaration of 'data' hides class member
F:\GameDevelop\OpenGLProject\Symocraft\include\MemoryAllocator/RawMemory.h(11): note: see declaration of 'RawMemory::data'
[106/123] Building CXX object tests\CMakeFiles\world_generation_tests.dir\__\src\world\test_scene.cpp.obj
F:\GameDevelop\OpenGLProject\Symocraft\include\MemoryAllocator/RawMemory.h(51): warning C4458: declaration of 'offset' hides class member
F:\GameDevelop\OpenGLProject\Symocraft\include\MemoryAllocator/RawMemory.h(13): note: see declaration of 'RawMemory::offset'
F:\GameDevelop\OpenGLProject\Symocraft\include\MemoryAllocator/RawMemory.h(59): warning C4458: declaration of 'data' hides class member
F:\GameDevelop\OpenGLProject\Symocraft\include\MemoryAllocator/RawMemory.h(11): note: see declaration of 'RawMemory::data'
F:\GameDevelop\OpenGLProject\Symocraft\include\MemoryAllocator/RawMemory.h(59): warning C4100: 'data': unreferenced formal parameter
F:\GameDevelop\OpenGLProject\Symocraft\include\MemoryAllocator/RawMemory.h(64): warning C4189: 'new_size': local variable is initialized but not referenced
F:\GameDevelop\OpenGLProject\Symocraft\include\MemoryAllocator/RawMemory.h(70): warning C4458: declaration of 'data' hides class member
F:\GameDevelop\OpenGLProject\Symocraft\include\MemoryAllocator/RawMemory.h(11): note: see declaration of 'RawMemory::data'
[107/123] Linking CXX executable bin\SymoCraft.exe
[108/123] Linking CXX executable bin\asset_paths_tests.exe
[109/123] Linking CXX executable tests\shader_loading_tests.exe
[110/123] Building CXX object tests\CMakeFiles\world_generation_tests.dir\__\include\MemoryAllocator\AmoBase.cpp.obj
F:\GameDevelop\OpenGLProject\Symocraft\include\MemoryAllocator\AmoBase.cpp(338): warning C4996: 'localtime': This function or variable may be unsafe. Consider using localtime_s instead. To disable deprecation, use _CRT_SECURE_NO_WARNINGS. See online help for details.
F:\GameDevelop\OpenGLProject\Symocraft\include\MemoryAllocator\AmoBase.cpp(363): warning C4996: 'localtime': This function or variable may be unsafe. Consider using localtime_s instead. To disable deprecation, use _CRT_SECURE_NO_WARNINGS. See online help for details.
F:\GameDevelop\OpenGLProject\Symocraft\include\MemoryAllocator\AmoBase.cpp(388): warning C4996: 'localtime': This function or variable may be unsafe. Consider using localtime_s instead. To disable deprecation, use _CRT_SECURE_NO_WARNINGS. See online help for details.
F:\GameDevelop\OpenGLProject\Symocraft\include\MemoryAllocator\AmoBase.cpp(413): warning C4996: 'localtime': This function or variable may be unsafe. Consider using localtime_s instead. To disable deprecation, use _CRT_SECURE_NO_WARNINGS. See online help for details.
F:\GameDevelop\OpenGLProject\Symocraft\include\MemoryAllocator\AmoBase.cpp(438): warning C4996: 'localtime': This function or variable may be unsafe. Consider using localtime_s instead. To disable deprecation, use _CRT_SECURE_NO_WARNINGS. See online help for details.
[111/123] Linking CXX executable tests\player_math_tests.exe
[112/123] Building CXX object tests\CMakeFiles\gpu_timer_tests.dir\gpu_timer_tests.cpp.obj
[113/123] Linking CXX executable tests\batch_safety_tests.exe
[114/123] Linking CXX executable tests\mesh_safety_tests.exe
[115/123] Linking CXX executable tests\block_config_tests.exe
[116/123] Linking CXX executable tests\key_snapshot_tests.exe
[117/123] Linking CXX executable tests\startup_options_tests.exe
[118/123] Linking CXX executable tests\gpu_timer_tests.exe
[119/123] Building CXX object tests\CMakeFiles\performance_tests.dir\performance_tests.cpp.obj
[120/123] Building CXX object tests\CMakeFiles\performance_tests.dir\__\src\core\performance.cpp.obj
[121/123] Building CXX object tests\CMakeFiles\world_generation_tests.dir\__\src\world\world_coordinates.cpp.obj
F:\GameDevelop\OpenGLProject\Symocraft\include\MemoryAllocator/RawMemory.h(51): warning C4458: declaration of 'offset' hides class member
F:\GameDevelop\OpenGLProject\Symocraft\include\MemoryAllocator/RawMemory.h(13): note: see declaration of 'RawMemory::offset'
F:\GameDevelop\OpenGLProject\Symocraft\include\MemoryAllocator/RawMemory.h(59): warning C4458: declaration of 'data' hides class member
F:\GameDevelop\OpenGLProject\Symocraft\include\MemoryAllocator/RawMemory.h(11): note: see declaration of 'RawMemory::data'
F:\GameDevelop\OpenGLProject\Symocraft\include\MemoryAllocator/RawMemory.h(59): warning C4100: 'data': unreferenced formal parameter
F:\GameDevelop\OpenGLProject\Symocraft\include\MemoryAllocator/RawMemory.h(64): warning C4189: 'new_size': local variable is initialized but not referenced
F:\GameDevelop\OpenGLProject\Symocraft\include\MemoryAllocator/RawMemory.h(70): warning C4458: declaration of 'data' hides class member
F:\GameDevelop\OpenGLProject\Symocraft\include\MemoryAllocator/RawMemory.h(11): note: see declaration of 'RawMemory::data'
[122/123] Linking CXX executable tests\performance_tests.exe
[123/123] Linking CXX executable tests\world_generation_tests.exe
Running: E:\Applications\JetBrains\CLion\bin\cmake\win\x64\bin\ctest.exe --preset windows-release --test-dir F:\GameDevelop\OpenGLProject\Symocraft\out\m2-t3\release --output-on-failure --no-tests=error
Test project F:/GameDevelop/OpenGLProject/Symocraft/out/m2-t3/release
      Start  1: assets.contracts
 1/15 Test  #1: assets.contracts .................   Passed    0.14 sec
      Start  2: assets.from_source_directory
 2/15 Test  #2: assets.from_source_directory .....   Passed    0.10 sec
      Start  3: assets.game_preflight
 3/15 Test  #3: assets.game_preflight ............   Passed    0.01 sec
      Start  4: assets.game_package
 4/15 Test  #4: assets.game_package ..............   Passed    0.09 sec
      Start  5: renderer.shader_loading
 5/15 Test  #5: renderer.shader_loading ..........   Passed    0.01 sec
      Start  6: player.math
 6/15 Test  #6: player.math ......................   Passed    0.01 sec
      Start  7: renderer.batch_safety
 7/15 Test  #7: renderer.batch_safety ............   Passed    0.01 sec
      Start  8: world.mesh_safety
 8/15 Test  #8: world.mesh_safety ................   Passed    0.01 sec
      Start  9: world.block_config
 9/15 Test  #9: world.block_config ...............   Passed    0.01 sec
      Start 10: input.key_snapshot
10/15 Test #10: input.key_snapshot ...............   Passed    0.01 sec
      Start 11: core.startup_options
11/15 Test #11: core.startup_options .............   Passed    0.01 sec
      Start 12: world.generation
12/15 Test #12: world.generation .................   Passed    0.40 sec
      Start 13: world.summary_cli
13/15 Test #13: world.summary_cli ................   Passed    1.38 sec
      Start 14: performance.export
14/15 Test #14: performance.export ...............   Passed    0.02 sec
      Start 15: performance.gpu_timer
15/15 Test #15: performance.gpu_timer ............   Passed    0.01 sec

100% tests passed, 0 tests failed out of 15

Total Test time (real) =   2.24 sec
