F:\GameDevelop\OpenGLProject\Symocraft\src\core\window.cpp (line 90) Info: 
[2026-10-05 10:25:55]: Monitor size: 2560, 1600
F:\GameDevelop\OpenGLProject\Symocraft\src\core\window.cpp (line 121) Info: 
[2026-10-05 10:25:55]: Window created. 
OpenGL vendor: NVIDIA Corporation
OpenGL renderer: NVIDIA GeForce RTX 3070 Ti Laptop GPU/PCIe/SSE2
OpenGL version: 4.6.0 NVIDIA 595.59
Benchmark window: borderless-windowed; topmost=false; taskbar_policy=NonRudeHWND; framebuffer=1920x1080
Shader compilation and linking succeeded: [local-path]\assets\shaders\vs_BlockShader.glsl + [local-path]\assets\shaders\fs_BlockShader.glsl
Shader compilation and linking succeeded: [local-path]\assets\shaders\vs_FrameShader.glsl + [local-path]\assets\shaders\fs_FrameShader.glsl
[world] summary-begin
generation:
  generator_version: 1
  seed: 424242
  radius: 10
  vegetation: true
  chunk_dimensions:
    - 16
    - 256
    - 16
  noise_type: FastNoiseLite-1.0.1/OpenSimplex2/FBm
  octaves: 8
  lacunarity: 1.60000002
  gain: 0.5
  coordinate_scale: 1.5
  height_exponent: 1.19000006
  min_height: 55
  max_height: 145
  sea_level: 85
  noise_seeds:
    - 290620814
    - 757298223
    - 2041512569
  frequencies:
    - 0.00572999986
    - 0.0199999996
    - 0.100000001
  weights:
    - 1
    - 0.200000003
    - 0.0299999993
  vegetation_rng: mix32-v1/seed+chunk-x+chunk-z/mt19937/raw-modulo
  vegetation_candidate_extent: 10
  vegetation_roll: raw%100>98
  write_order: chunk-x,chunk-z; all-terrain-before-vegetation; last-write-wins
  digest_schema: fnv1a64-v1/le-coord-i32x2/block-u16x4/chunk-x,z/block-y,x,z
  block_formats:
    - id: 1
      textures:
        - 63
        - 63
        - 63
      transparent: true
      solid: false
      blendable: false
      light_source: false
      light_level: 0
    - id: 2
      textures:
        - 16
        - 8
        - 0
      transparent: false
      solid: true
      blendable: false
      light_source: false
      light_level: 0
    - id: 3
      textures:
        - 1
        - 1
        - 1
      transparent: false
      solid: true
      blendable: false
      light_source: false
      light_level: 0
    - id: 4
      textures:
        - 0
        - 0
        - 0
      transparent: false
      solid: true
      blendable: false
      light_source: false
      light_level: 0
    - id: 5
      textures:
        - 2
        - 2
        - 2
      transparent: false
      solid: true
      blendable: false
      light_source: false
      light_level: 0
    - id: 6
      textures:
        - 20
        - 12
        - 20
      transparent: false
      solid: true
      blendable: false
      light_source: false
      light_level: 0
    - id: 7
      textures:
        - 28
        - 28
        - 28
      transparent: true
      solid: true
      blendable: true
      light_source: false
      light_level: 0
    - id: 8
      textures:
        - 4
        - 4
        - 4
      transparent: false
      solid: true
      blendable: false
      light_source: false
      light_level: 0
    - id: 9
      textures:
        - 10
        - 11
        - 10
      transparent: true
      solid: false
      blendable: false
      light_source: false
      light_level: 0
    - id: 10
      textures:
        - 5
        - 5
        - 5
      transparent: false
      solid: true
      blendable: false
      light_source: false
      light_level: 0
    - id: 11
      textures:
        - 3
        - 3
        - 3
      transparent: false
      solid: true
      blendable: false
      light_source: false
      light_level: 0
seed_source: explicit
chunks: 441
terrain_digest: fnv1a64:cd80ebb0446c15c6
scene:
  name: regression
  version: 1
  floor_y: 160
  pad_min_xz: -24
  pad_max_xz: 24
  fov_degrees: 45
  checkpoints:
    - name: spawn
      position: [-20.5, 161.899994, -6.5]
      yaw: 0
      pitch: -10
    - name: positive-x
      position: [14.5, 161.899994, 2.5]
      yaw: -63.4350014
      pitch: -25.1599998
    - name: negative-x
      position: [-17.5, 161.899994, 2.5]
      yaw: -63.4350014
      pitch: -25.1599998
    - name: four-chunk
      position: [-2.5, 161.899994, -2.5]
      yaw: 45
      pitch: -20.3999996
    - name: wall-corner
      position: [6.5, 161.899994, 6.5]
      yaw: 45
      pitch: 0
    - name: low-ceiling
      position: [-6.5, 161.899994, 6.5]
      yaw: 0
      pitch: 0
    - name: single-block
      position: [20.5, 168, 20.5]
      yaw: -90
      pitch: -60
  route:
    name: walk-positive-x-v1
    mode: manual-waypoints-not-input-replay
    walk_speed: 4.4000001
    yaw: 0
    pitch: -10
    waypoints:
      - [-20.5, 161.899994, -6.5]
      - [-16.5, 161.899994, -6.5]
      - [-0.5, 161.899994, -6.5]
      - [15.5, 161.899994, -6.5]
      - [20.5, 161.899994, -6.5]
  edit_plan:
    mode: ordered-world-writes-not-player-input
    manual_min_interval_seconds: 0.25
    operations:
      - position: [15, 161, 0]
        before: 5
        after: 1
      - position: [15, 161, 0]
        before: 1
        after: 8
      - position: [16, 161, 0]
        before: 5
        after: 1
      - position: [16, 161, 0]
        before: 1
        after: 11
      - position: [-17, 161, 0]
        before: 5
        after: 1
      - position: [-17, 161, 0]
        before: 1
        after: 8
      - position: [-16, 161, 0]
        before: 5
        after: 1
      - position: [-16, 161, 0]
        before: 1
        after: 11
      - position: [-1, 161, -1]
        before: 5
        after: 1
      - position: [-1, 161, -1]
        before: 1
        after: 8
      - position: [-1, 161, 0]
        before: 5
        after: 1
      - position: [-1, 161, 0]
        before: 1
        after: 11
      - position: [0, 161, -1]
        before: 5
        after: 1
      - position: [0, 161, -1]
        before: 1
        after: 8
      - position: [0, 161, 0]
        before: 5
        after: 1
      - position: [0, 161, 0]
        before: 1
        after: 11
scene_digest: fnv1a64:bddd435ea737fa62
test_edits_applied: false
final_digest: fnv1a64:bddd435ea737fa62
initial_pose:
  checkpoint: four-chunk
  position:
    - -2.5
    - 161.899994
    - -2.5
  yaw: 45
  pitch: -20.3999996
  fov: 45
[world] summary-end
[runtime] ready; chunks=441; loading_ms=925.165; spawn=-2.5,161.9,-2.5
[runtime] loop finished; rendered_frames=20453; player=-2.5,161.9,-2.5
[performance] exported; valid_run=1
[runtime] shutdown complete; exit_code=0
