Microsoft (R) COFF/PE Dumper Version 14.38.33145.0
Copyright (C) Microsoft Corporation.  All rights reserved.


Dump of file out\m3-t2\install\sdl-gl-probe-release\SymoCraftSdl3Probe.exe

File Type: EXECUTABLE IMAGE

  Image has the following dependencies:

    USER32.dll
    KERNEL32.dll
    GDI32.dll
    WINMM.dll
    IMM32.dll
    ole32.dll
    VERSION.dll
    ADVAPI32.dll
    SETUPAPI.dll
    SHELL32.dll
    MSVCP140.dll
    VCRUNTIME140.dll
    VCRUNTIME140_1.dll
    api-ms-win-crt-runtime-l1-1-0.dll
    api-ms-win-crt-heap-l1-1-0.dll
    api-ms-win-crt-convert-l1-1-0.dll
    api-ms-win-crt-stdio-l1-1-0.dll
    api-ms-win-crt-filesystem-l1-1-0.dll
    api-ms-win-crt-string-l1-1-0.dll
    api-ms-win-crt-math-l1-1-0.dll
    api-ms-win-crt-locale-l1-1-0.dll

  Summary

        D000 .data
       12000 .pdata
       38000 .rdata
        2000 .reloc
        1000 .rsrc
      113000 .text
