适用于 .NET Framework MSBuild 版本 17.14.40+3e7442088

  1>Checking Build System
  Building Custom Rule F:/GameDevelop/OpenGLProject/Symocraft/vendor/glfw/src/CMakeLists.txt
  context.c
  init.c
  input.c
  monitor.c
  vulkan.c
  window.c
  win32_init.c
  win32_joystick.c
  win32_monitor.c
  win32_time.c
  win32_thread.c
  win32_window.c
  wgl_context.c
  egl_context.c
  osmesa_context.c
  正在生成代码...
  glfw.vcxproj -> F:\GameDevelop\OpenGLProject\Symocraft\cmake-build-debug\m0-original-host\vendor\glfw\src\Debug\glfw3.lib
  Building Custom Rule F:/GameDevelop/OpenGLProject/Symocraft/CMakeLists.txt
  main.cpp
  Camera.cpp
F:\GameDevelop\OpenGLProject\Symocraft\vendor\robin_hood.h(1,1): warning C4819: 该文件包含不能在当前代码页(936)中表示的字符。请将该文件保存为 Unicode 格式以防止数据丢失 [F:\GameDevelop\OpenGLProject\Symocraft\cmake-build-debug\m0-original-host\SymoCraft.vcxproj]
  (编译源文件“../../src/camera/Camera.cpp”)
  
  event.cpp
F:\GameDevelop\OpenGLProject\Symocraft\vendor\robin_hood.h(1,1): warning C4819: 该文件包含不能在当前代码页(936)中表示的字符。请将该文件保存为 Unicode 格式以防止数据丢失 [F:\GameDevelop\OpenGLProject\Symocraft\cmake-build-debug\m0-original-host\SymoCraft.vcxproj]
  (编译源文件“../../src/event/event.cpp”)
  
  input.cpp
F:\GameDevelop\OpenGLProject\Symocraft\vendor\robin_hood.h(1,1): warning C4819: 该文件包含不能在当前代码页(936)中表示的字符。请将该文件保存为 Unicode 格式以防止数据丢失 [F:\GameDevelop\OpenGLProject\Symocraft\cmake-build-debug\m0-original-host\SymoCraft.vcxproj]
  (编译源文件“../../src/input/input.cpp”)
  
  key_bindings.cpp
F:\GameDevelop\OpenGLProject\Symocraft\vendor\robin_hood.h(1,1): warning C4819: 该文件包含不能在当前代码页(936)中表示的字符。请将该文件保存为 Unicode 格式以防止数据丢失 [F:\GameDevelop\OpenGLProject\Symocraft\cmake-build-debug\m0-original-host\SymoCraft.vcxproj]
  (编译源文件“../../src/input/key_bindings.cpp”)
  
  key_handler.cpp
F:\GameDevelop\OpenGLProject\Symocraft\vendor\robin_hood.h(1,1): warning C4819: 该文件包含不能在当前代码页(936)中表示的字符。请将该文件保存为 Unicode 格式以防止数据丢失 [F:\GameDevelop\OpenGLProject\Symocraft\cmake-build-debug\m0-original-host\SymoCraft.vcxproj]
  (编译源文件“../../src/input/key_handler.cpp”)
  
  playercontroller.cpp
F:\GameDevelop\OpenGLProject\Symocraft\vendor\robin_hood.h(1,1): warning C4819: 该文件包含不能在当前代码页(936)中表示的字符。请将该文件保存为 Unicode 格式以防止数据丢失 [F:\GameDevelop\OpenGLProject\Symocraft\cmake-build-debug\m0-original-host\SymoCraft.vcxproj]
  (编译源文件“../../src/playercontroller/playercontroller.cpp”)
  
  renderer.cpp
F:\GameDevelop\OpenGLProject\Symocraft\vendor\robin_hood.h(1,1): warning C4819: 该文件包含不能在当前代码页(936)中表示的字符。请将该文件保存为 Unicode 格式以防止数据丢失 [F:\GameDevelop\OpenGLProject\Symocraft\cmake-build-debug\m0-original-host\SymoCraft.vcxproj]
  (编译源文件“../../src/renderer/renderer.cpp”)
  
  shader.cpp
F:\GameDevelop\OpenGLProject\Symocraft\vendor\robin_hood.h(1,1): warning C4819: 该文件包含不能在当前代码页(936)中表示的字符。请将该文件保存为 Unicode 格式以防止数据丢失 [F:\GameDevelop\OpenGLProject\Symocraft\cmake-build-debug\m0-original-host\SymoCraft.vcxproj]
  (编译源文件“../../src/renderer/shader.cpp”)
  
  shader_program.cpp
F:\GameDevelop\OpenGLProject\Symocraft\vendor\robin_hood.h(1,1): warning C4819: 该文件包含不能在当前代码页(936)中表示的字符。请将该文件保存为 Unicode 格式以防止数据丢失 [F:\GameDevelop\OpenGLProject\Symocraft\cmake-build-debug\m0-original-host\SymoCraft.vcxproj]
  (编译源文件“../../src/renderer/shader_program.cpp”)
  
  texture.cpp
F:\GameDevelop\OpenGLProject\Symocraft\vendor\robin_hood.h(1,1): warning C4819: 该文件包含不能在当前代码页(936)中表示的字符。请将该文件保存为 Unicode 格式以防止数据丢失 [F:\GameDevelop\OpenGLProject\Symocraft\cmake-build-debug\m0-original-host\SymoCraft.vcxproj]
  (编译源文件“../../src/renderer/texture.cpp”)
  
  block.cpp
F:\GameDevelop\OpenGLProject\Symocraft\vendor\robin_hood.h(1,1): warning C4819: 该文件包含不能在当前代码页(936)中表示的字符。请将该文件保存为 Unicode 格式以防止数据丢失 [F:\GameDevelop\OpenGLProject\Symocraft\cmake-build-debug\m0-original-host\SymoCraft.vcxproj]
  (编译源文件“../../src/world/block.cpp”)
  
  chunk.cpp
F:\GameDevelop\OpenGLProject\Symocraft\vendor\robin_hood.h(1,1): warning C4819: 该文件包含不能在当前代码页(936)中表示的字符。请将该文件保存为 Unicode 格式以防止数据丢失 [F:\GameDevelop\OpenGLProject\Symocraft\cmake-build-debug\m0-original-host\SymoCraft.vcxproj]
  (编译源文件“../../src/world/chunk.cpp”)
  
  chunk_manager.cpp
F:\GameDevelop\OpenGLProject\Symocraft\vendor\robin_hood.h(1,1): warning C4819: 该文件包含不能在当前代码页(936)中表示的字符。请将该文件保存为 Unicode 格式以防止数据丢失 [F:\GameDevelop\OpenGLProject\Symocraft\cmake-build-debug\m0-original-host\SymoCraft.vcxproj]
  (编译源文件“../../src/world/chunk_manager.cpp”)
  
  world.cpp
F:\GameDevelop\OpenGLProject\Symocraft\vendor\robin_hood.h(1,1): warning C4819: 该文件包含不能在当前代码页(936)中表示的字符。请将该文件保存为 Unicode 格式以防止数据丢失 [F:\GameDevelop\OpenGLProject\Symocraft\cmake-build-debug\m0-original-host\SymoCraft.vcxproj]
  (编译源文件“../../src/world/world.cpp”)
  
  binary.cpp
  convert.cpp
  depthguard.cpp
  directives.cpp
  emit.cpp
  正在生成代码...
  正在编译...
  emitfromevents.cpp
  emitter.cpp
  emitterstate.cpp
  emitterutils.cpp
  exceptions.cpp
  exp.cpp
  memory.cpp
  node.cpp
  node_data.cpp
  nodebuilder.cpp
  nodeevents.cpp
  null.cpp
  ostream_wrapper.cpp
  parse.cpp
  parser.cpp
  regex_yaml.cpp
  scanner.cpp
  scanscalar.cpp
  scantag.cpp
  scantoken.cpp
  正在生成代码...
  正在编译...
  simplekey.cpp
  singledocparser.cpp
  stream.cpp
  tag.cpp
  AmoBase.cpp
  global_thread_pool.cpp
F:\GameDevelop\OpenGLProject\Symocraft\vendor\robin_hood.h(1,1): warning C4819: 该文件包含不能在当前代码页(936)中表示的字符。请将该文件保存为 Unicode 格式以防止数据丢失 [F:\GameDevelop\OpenGLProject\Symocraft\cmake-build-debug\m0-original-host\SymoCraft.vcxproj]
  (编译源文件“../../src/core/global_thread_pool.cpp”)
  
  window.cpp
F:\GameDevelop\OpenGLProject\Symocraft\vendor\robin_hood.h(1,1): warning C4819: 该文件包含不能在当前代码页(936)中表示的字符。请将该文件保存为 Unicode 格式以防止数据丢失 [F:\GameDevelop\OpenGLProject\Symocraft\cmake-build-debug\m0-original-host\SymoCraft.vcxproj]
  (编译源文件“../../src/core/window.cpp”)
  
  application.cpp
F:\GameDevelop\OpenGLProject\Symocraft\vendor\robin_hood.h(1,1): warning C4819: 该文件包含不能在当前代码页(936)中表示的字符。请将该文件保存为 Unicode 格式以防止数据丢失 [F:\GameDevelop\OpenGLProject\Symocraft\cmake-build-debug\m0-original-host\SymoCraft.vcxproj]
  (编译源文件“../../src/core/application.cpp”)
  
  internal.cpp
F:\GameDevelop\OpenGLProject\Symocraft\vendor\robin_hood.h(1,1): warning C4819: 该文件包含不能在当前代码页(936)中表示的字符。请将该文件保存为 Unicode 格式以防止数据丢失 [F:\GameDevelop\OpenGLProject\Symocraft\cmake-build-debug\m0-original-host\SymoCraft.vcxproj]
  (编译源文件“../../src/core/ECS/internal.cpp”)
  
  registry.cpp
F:\GameDevelop\OpenGLProject\Symocraft\vendor\robin_hood.h(1,1): warning C4819: 该文件包含不能在当前代码页(936)中表示的字符。请将该文件保存为 Unicode 格式以防止数据丢失 [F:\GameDevelop\OpenGLProject\Symocraft\cmake-build-debug\m0-original-host\SymoCraft.vcxproj]
  (编译源文件“../../src/core/ECS/registry.cpp”)
  
  transform_system.cpp
F:\GameDevelop\OpenGLProject\Symocraft\vendor\robin_hood.h(1,1): warning C4819: 该文件包含不能在当前代码页(936)中表示的字符。请将该文件保存为 Unicode 格式以防止数据丢失 [F:\GameDevelop\OpenGLProject\Symocraft\cmake-build-debug\m0-original-host\SymoCraft.vcxproj]
  (编译源文件“../../src/core/ECS/Systems/transform_system.cpp”)
  
  physics_system.cpp
F:\GameDevelop\OpenGLProject\Symocraft\vendor\robin_hood.h(1,1): warning C4819: 该文件包含不能在当前代码页(936)中表示的字符。请将该文件保存为 Unicode 格式以防止数据丢失 [F:\GameDevelop\OpenGLProject\Symocraft\cmake-build-debug\m0-original-host\SymoCraft.vcxproj]
  (编译源文件“../../src/core/ECS/Systems/physics_system.cpp”)
  
  character_system.cpp
F:\GameDevelop\OpenGLProject\Symocraft\vendor\robin_hood.h(1,1): warning C4819: 该文件包含不能在当前代码页(936)中表示的字符。请将该文件保存为 Unicode 格式以防止数据丢失 [F:\GameDevelop\OpenGLProject\Symocraft\cmake-build-debug\m0-original-host\SymoCraft.vcxproj]
  (编译源文件“../../src/core/ECS/Systems/character_system.cpp”)
  
  正在生成代码...
  glad.c
  SymoCraft.vcxproj -> F:\GameDevelop\OpenGLProject\Symocraft\cmake-build-debug\m0-original-host\Debug\SymoCraft.exe
