[0/2] Re-checking globbed directories...
[1/139] Building CXX object CMakeFiles\symocraft_yaml.dir\vendor\yaml-cpp\src\directives.cpp.obj
[2/139] Building CXX object CMakeFiles\symocraft_yaml.dir\vendor\yaml-cpp\src\binary.cpp.obj
[3/139] Building CXX object CMakeFiles\symocraft_yaml.dir\vendor\yaml-cpp\src\depthguard.cpp.obj
[4/139] Building CXX object CMakeFiles\symocraft_yaml.dir\vendor\yaml-cpp\src\emitfromevents.cpp.obj
[5/139] Building CXX object CMakeFiles\symocraft_yaml.dir\vendor\yaml-cpp\src\emit.cpp.obj
[6/139] Building CXX object CMakeFiles\symocraft_yaml.dir\vendor\yaml-cpp\src\emitterstate.cpp.obj
[7/139] Building CXX object CMakeFiles\symocraft_yaml.dir\vendor\yaml-cpp\src\emitter.cpp.obj
[8/139] Building CXX object CMakeFiles\symocraft_yaml.dir\vendor\yaml-cpp\src\convert.cpp.obj
[9/139] Building CXX object CMakeFiles\symocraft_yaml.dir\vendor\yaml-cpp\src\exceptions.cpp.obj
[10/139] Building CXX object CMakeFiles\symocraft_yaml.dir\vendor\yaml-cpp\src\node.cpp.obj
[11/139] Building CXX object CMakeFiles\symocraft_yaml.dir\vendor\yaml-cpp\src\memory.cpp.obj
[12/139] Building CXX object CMakeFiles\symocraft_yaml.dir\vendor\yaml-cpp\src\emitterutils.cpp.obj
[13/139] Building CXX object CMakeFiles\symocraft_yaml.dir\vendor\yaml-cpp\src\exp.cpp.obj
[14/139] Building CXX object CMakeFiles\symocraft_yaml.dir\vendor\yaml-cpp\src\null.cpp.obj
[15/139] Building CXX object CMakeFiles\symocraft_yaml.dir\vendor\yaml-cpp\src\nodeevents.cpp.obj
[16/139] Building CXX object CMakeFiles\symocraft_yaml.dir\vendor\yaml-cpp\src\nodebuilder.cpp.obj
[17/139] Building CXX object CMakeFiles\symocraft_yaml.dir\vendor\yaml-cpp\src\node_data.cpp.obj
[18/139] Building CXX object CMakeFiles\symocraft_yaml.dir\vendor\yaml-cpp\src\ostream_wrapper.cpp.obj
[19/139] Building CXX object CMakeFiles\symocraft_yaml.dir\vendor\yaml-cpp\src\regex_yaml.cpp.obj
[20/139] Building CXX object CMakeFiles\symocraft_yaml.dir\vendor\yaml-cpp\src\parse.cpp.obj
[21/139] Building CXX object CMakeFiles\symocraft_yaml.dir\vendor\yaml-cpp\src\parser.cpp.obj
[22/139] Building CXX object CMakeFiles\symocraft_yaml.dir\vendor\yaml-cpp\src\scantag.cpp.obj
[23/139] Building CXX object CMakeFiles\symocraft_yaml.dir\vendor\yaml-cpp\src\scanscalar.cpp.obj
[24/139] Building CXX object CMakeFiles\symocraft_yaml.dir\vendor\yaml-cpp\src\scanner.cpp.obj
[25/139] Building CXX object CMakeFiles\symocraft_yaml.dir\vendor\yaml-cpp\src\scantoken.cpp.obj
[26/139] Building CXX object CMakeFiles\symocraft_yaml.dir\vendor\yaml-cpp\src\simplekey.cpp.obj
[27/139] Building CXX object CMakeFiles\symocraft_yaml.dir\vendor\yaml-cpp\src\stream.cpp.obj
[28/139] Building CXX object CMakeFiles\symocraft_yaml.dir\vendor\yaml-cpp\src\tag.cpp.obj
[29/139] Building CXX object game\modules\foundation\CMakeFiles\symocraft_foundation.dir\src\document.cpp.obj
[30/139] Building CXX object game\modules\ecs\CMakeFiles\symocraft_ecs.dir\src\internal.cpp.obj
[31/139] Building CXX object game\modules\ecs\CMakeFiles\symocraft_ecs.dir\src\registry.cpp.obj
F:\GameDevelop\OpenGLProject\Symocraft\game\modules\ecs\src\legacy/RawMemory.h(53): warning C4458: declaration of 'offset' hides class member
F:\GameDevelop\OpenGLProject\Symocraft\game\modules\ecs\src\legacy/RawMemory.h(15): note: see declaration of 'RawMemory::offset'
F:\GameDevelop\OpenGLProject\Symocraft\game\modules\ecs\src\legacy/RawMemory.h(61): warning C4458: declaration of 'data' hides class member
F:\GameDevelop\OpenGLProject\Symocraft\game\modules\ecs\src\legacy/RawMemory.h(13): note: see declaration of 'RawMemory::data'
F:\GameDevelop\OpenGLProject\Symocraft\game\modules\ecs\src\legacy/RawMemory.h(61): warning C4100: 'data': unreferenced formal parameter
F:\GameDevelop\OpenGLProject\Symocraft\game\modules\ecs\src\legacy/RawMemory.h(66): warning C4189: 'new_size': local variable is initialized but not referenced
F:\GameDevelop\OpenGLProject\Symocraft\game\modules\ecs\src\legacy/RawMemory.h(72): warning C4458: declaration of 'data' hides class member
F:\GameDevelop\OpenGLProject\Symocraft\game\modules\ecs\src\legacy/RawMemory.h(13): note: see declaration of 'RawMemory::data'
F:\GameDevelop\OpenGLProject\Symocraft\game\modules\ecs\src\registry.cpp(73): warning C4244: 'initializing': conversion from '_Ty' to 'SymoCraft::ECS::EntityIndex', possible loss of data
        with
        [
            _Ty=SymoCraft::ECS::EntityId
        ]
F:\GameDevelop\OpenGLProject\Symocraft\game\modules\ecs\src\registry.cpp(264): warning C4244: 'return': conversion from '_Ty' to 'SymoCraft::ECS::EntityIndex', possible loss of data
        with
        [
            _Ty=SymoCraft::ECS::EntityId
        ]
F:\GameDevelop\OpenGLProject\Symocraft\game\modules\ecs\src\registry.cpp(293): warning C4244: 'argument': conversion from '_Ty' to 'SymoCraft::ECS::EntityIndex', possible loss of data
        with
        [
            _Ty=SymoCraft::ECS::EntityId
        ]
[32/139] Building CXX object CMakeFiles\symocraft_yaml.dir\vendor\yaml-cpp\src\singledocparser.cpp.obj
[33/139] Linking CXX static library symocraft_yaml.lib
[34/139] Building CXX object game\modules\foundation\CMakeFiles\symocraft_foundation.dir\src\files.cpp.obj
[35/139] Building CXX object game\modules\foundation\CMakeFiles\symocraft_foundation.dir\src\legacy\AmoBase.cpp.obj
F:\GameDevelop\OpenGLProject\Symocraft\game\modules\foundation\src\legacy\AmoBase.cpp(338): warning C4996: 'localtime': This function or variable may be unsafe. Consider using localtime_s instead. To disable deprecation, use _CRT_SECURE_NO_WARNINGS. See online help for details.
F:\GameDevelop\OpenGLProject\Symocraft\game\modules\foundation\src\legacy\AmoBase.cpp(363): warning C4996: 'localtime': This function or variable may be unsafe. Consider using localtime_s instead. To disable deprecation, use _CRT_SECURE_NO_WARNINGS. See online help for details.
F:\GameDevelop\OpenGLProject\Symocraft\game\modules\foundation\src\legacy\AmoBase.cpp(388): warning C4996: 'localtime': This function or variable may be unsafe. Consider using localtime_s instead. To disable deprecation, use _CRT_SECURE_NO_WARNINGS. See online help for details.
F:\GameDevelop\OpenGLProject\Symocraft\game\modules\foundation\src\legacy\AmoBase.cpp(413): warning C4996: 'localtime': This function or variable may be unsafe. Consider using localtime_s instead. To disable deprecation, use _CRT_SECURE_NO_WARNINGS. See online help for details.
F:\GameDevelop\OpenGLProject\Symocraft\game\modules\foundation\src\legacy\AmoBase.cpp(438): warning C4996: 'localtime': This function or variable may be unsafe. Consider using localtime_s instead. To disable deprecation, use _CRT_SECURE_NO_WARNINGS. See online help for details.
[36/139] Linking CXX static library game\modules\foundation\symocraft_foundation.lib
[37/139] Building CXX object game\modules\world\CMakeFiles\symocraft_world.dir\src\world_coordinates.cpp.obj
[38/139] Building CXX object game\modules\world\CMakeFiles\symocraft_world.dir\src\chunk_manager.cpp.obj
[39/139] Linking CXX static library game\modules\ecs\symocraft_ecs.lib
[40/139] Synchronizing required SymoCraft runtime assets
[41/139] Building CXX object game\modules\world\CMakeFiles\symocraft_world.dir\src\chunk.cpp.obj
[42/139] Building CXX object game\modules\world\CMakeFiles\symocraft_world.dir\src\test_scene.cpp.obj
[43/139] Building CXX object game\modules\world\CMakeFiles\symocraft_world.dir\src\block.cpp.obj
[44/139] Building CXX object game\modules\assets\CMakeFiles\symocraft_assets.dir\src\asset_paths.cpp.obj
[45/139] Building CXX object game\modules\world\CMakeFiles\symocraft_world.dir\src\generation.cpp.obj
[46/139] Linking CXX static library game\modules\world\symocraft_world.lib
[47/139] Building CXX object game\modules\assets\CMakeFiles\symocraft_assets.dir\src\image.cpp.obj
[48/139] Building CXX object game\modules\simulation\CMakeFiles\symocraft_simulation.dir\src\Camera.cpp.obj
[49/139] Building CXX object game\modules\simulation\CMakeFiles\symocraft_simulation.dir\src\player.cpp.obj
[50/139] Building CXX object game\modules\simulation\CMakeFiles\symocraft_simulation.dir\src\character_system.cpp.obj
F:\GameDevelop\OpenGLProject\Symocraft\game\modules\ecs\include\symocraft/ecs/registry.h(134): warning C4244: 'argument': conversion from 'SymoCraft::ECS::EntityId' to 'SymoCraft::ECS::EntityIndex', possible loss of data
F:\GameDevelop\OpenGLProject\Symocraft\game\modules\ecs\include\symocraft/ecs/registry.h(134): note: the template instantiation context (the oldest one first) is
F:\GameDevelop\OpenGLProject\Symocraft\game\modules\simulation\src\character_system.cpp(56): note: see reference to class template instantiation 'SymoCraft::ECS::RegistryViewer<SymoCraft::Transform,SymoCraft::Character::PlayerComponent>' being compiled
F:\GameDevelop\OpenGLProject\Symocraft\game\modules\ecs\include\symocraft/ecs/registry.h(129): note: while compiling class template member function 'const SymoCraft::ECS::Iterator SymoCraft::ECS::RegistryViewer<SymoCraft::Transform,SymoCraft::Character::PlayerComponent>::begin(void) const'
F:\GameDevelop\OpenGLProject\Symocraft\game\modules\simulation\src\character_system.cpp(56): note: see the first reference to 'SymoCraft::ECS::RegistryViewer<SymoCraft::Transform,SymoCraft::Character::PlayerComponent>::begin' in 'SymoCraft::Character::Player::SyncCamera'
[51/139] Linking CXX static library game\modules\assets\symocraft_assets.lib
[52/139] Building CXX object test\CMakeFiles\header_foundation_symocraft_foundation_diagnostics_h.dir\public-headers\header_foundation_symocraft_foundation_diagnostics_h.cpp.obj
[53/139] Building CXX object game\modules\simulation\CMakeFiles\symocraft_simulation.dir\src\physics_system.cpp.obj
F:\GameDevelop\OpenGLProject\Symocraft\game\modules\simulation\src\physics_system.cpp(134): warning C4100: 'entity': unreferenced formal parameter
F:\GameDevelop\OpenGLProject\Symocraft\game\modules\simulation\src\physics_system.cpp(223): warning C4100: 'rb1': unreferenced formal parameter
F:\GameDevelop\OpenGLProject\Symocraft\game\modules\ecs\include\symocraft/ecs/registry.h(134): warning C4244: 'argument': conversion from 'SymoCraft::ECS::EntityId' to 'SymoCraft::ECS::EntityIndex', possible loss of data
F:\GameDevelop\OpenGLProject\Symocraft\game\modules\ecs\include\symocraft/ecs/registry.h(134): note: the template instantiation context (the oldest one first) is
F:\GameDevelop\OpenGLProject\Symocraft\game\modules\simulation\src\physics_system.cpp(86): note: see reference to class template instantiation 'SymoCraft::ECS::RegistryViewer<SymoCraft::Transform,SymoCraft::Physics::RigidBody,SymoCraft::Physics::HitBox>' being compiled
F:\GameDevelop\OpenGLProject\Symocraft\game\modules\ecs\include\symocraft/ecs/registry.h(129): note: while compiling class template member function 'const SymoCraft::ECS::Iterator SymoCraft::ECS::RegistryViewer<SymoCraft::Transform,SymoCraft::Physics::RigidBody,SymoCraft::Physics::HitBox>::begin(void) const'
F:\GameDevelop\OpenGLProject\Symocraft\game\modules\simulation\src\physics_system.cpp(86): note: see the first reference to 'SymoCraft::ECS::RegistryViewer<SymoCraft::Transform,SymoCraft::Physics::RigidBody,SymoCraft::Physics::HitBox>::begin' in 'SymoCraft::Physics::Update'
[54/139] Building CXX object game\app\CMakeFiles\symocraft_startup.dir\src\startup_options.cpp.obj
[55/139] Building CXX object game\modules\simulation\CMakeFiles\symocraft_simulation.dir\src\playercontroller.cpp.obj
[56/139] Linking CXX static library game\app\symocraft_startup.lib
[57/139] Building CXX object test\CMakeFiles\header_foundation_symocraft_foundation_memory_h.dir\public-headers\header_foundation_symocraft_foundation_memory_h.cpp.obj
[58/139] Building CXX object test\CMakeFiles\header_foundation_symocraft_foundation_types_h.dir\public-headers\header_foundation_symocraft_foundation_types_h.cpp.obj
[59/139] Building CXX object test\CMakeFiles\header_foundation_symocraft_foundation_document_h.dir\public-headers\header_foundation_symocraft_foundation_document_h.cpp.obj
[60/139] Building CXX object game\modules\simulation\CMakeFiles\symocraft_simulation.dir\src\transform_system.cpp.obj
F:\GameDevelop\OpenGLProject\Symocraft\game\modules\ecs\include\symocraft/ecs/registry.h(134): warning C4244: 'argument': conversion from 'SymoCraft::ECS::EntityId' to 'SymoCraft::ECS::EntityIndex', possible loss of data
F:\GameDevelop\OpenGLProject\Symocraft\game\modules\ecs\include\symocraft/ecs/registry.h(134): note: the template instantiation context (the oldest one first) is
F:\GameDevelop\OpenGLProject\Symocraft\game\modules\simulation\src\transform_system.cpp(14): note: see reference to class template instantiation 'SymoCraft::ECS::RegistryViewer<SymoCraft::Transform>' being compiled
F:\GameDevelop\OpenGLProject\Symocraft\game\modules\ecs\include\symocraft/ecs/registry.h(129): note: while compiling class template member function 'const SymoCraft::ECS::Iterator SymoCraft::ECS::RegistryViewer<SymoCraft::Transform>::begin(void) const'
F:\GameDevelop\OpenGLProject\Symocraft\game\modules\simulation\src\transform_system.cpp(14): note: see the first reference to 'SymoCraft::ECS::RegistryViewer<SymoCraft::Transform>::begin' in 'SymoCraft::TransformSystem::Update'
[61/139] Linking CXX static library game\modules\simulation\symocraft_simulation.lib
[62/139] Building CXX object game\modules\telemetry\CMakeFiles\symocraft_telemetry.dir\src\performance.cpp.obj
[63/139] Building CXX object test\CMakeFiles\header_foundation_symocraft_foundation_files_h.dir\public-headers\header_foundation_symocraft_foundation_files_h.cpp.obj
[64/139] Building CXX object game\modules\telemetry\CMakeFiles\symocraft_telemetry.dir\src\document_io.cpp.obj
[65/139] Linking CXX static library game\modules\telemetry\symocraft_telemetry.lib
[66/139] Building CXX object test\CMakeFiles\header_foundation_symocraft_foundation_math_h.dir\public-headers\header_foundation_symocraft_foundation_math_h.cpp.obj
[67/139] Building CXX object test\CMakeFiles\header_scene_symocraft_scene_camera_h.dir\public-headers\header_scene_symocraft_scene_camera_h.cpp.obj
[68/139] Building CXX object test\CMakeFiles\header_scene_symocraft_scene_mesh_h.dir\public-headers\header_scene_symocraft_scene_mesh_h.cpp.obj
[69/139] Building CXX object test\CMakeFiles\header_assets_symocraft_assets_asset_paths_h.dir\public-headers\header_assets_symocraft_assets_asset_paths_h.cpp.obj
[70/139] Building CXX object test\CMakeFiles\header_assets_symocraft_assets_image_h.dir\public-headers\header_assets_symocraft_assets_image_h.cpp.obj
[71/139] Building CXX object test\CMakeFiles\header_ecs_symocraft_ecs_registry_h.dir\public-headers\header_ecs_symocraft_ecs_registry_h.cpp.obj
[72/139] Building CXX object test\CMakeFiles\header_world_symocraft_world_benchmark_workload_h.dir\public-headers\header_world_symocraft_world_benchmark_workload_h.cpp.obj
[73/139] Building CXX object test\CMakeFiles\header_world_symocraft_world_block_h.dir\public-headers\header_world_symocraft_world_block_h.cpp.obj
[74/139] Building CXX object test\CMakeFiles\header_world_symocraft_world_constants_h.dir\public-headers\header_world_symocraft_world_constants_h.cpp.obj
[75/139] Building CXX object test\CMakeFiles\header_world_symocraft_world_chunk_manager_h.dir\public-headers\header_world_symocraft_world_chunk_manager_h.cpp.obj
[76/139] Building CXX object test\CMakeFiles\header_simulation_symocraft_simulation_character_system_h.dir\public-headers\header_simulation_symocraft_simulation_character_system_h.cpp.obj
[77/139] Building CXX object test\CMakeFiles\header_world_symocraft_world_world_h.dir\public-headers\header_world_symocraft_world_world_h.cpp.obj
[78/139] Building CXX object test\CMakeFiles\header_simulation_symocraft_simulation_player_h.dir\public-headers\header_simulation_symocraft_simulation_player_h.cpp.obj
[79/139] Building CXX object test\CMakeFiles\header_world_symocraft_world_test_scene_h.dir\public-headers\header_world_symocraft_world_test_scene_h.cpp.obj
[80/139] Building CXX object test\CMakeFiles\header_world_symocraft_world_generation_h.dir\public-headers\header_world_symocraft_world_generation_h.cpp.obj
[81/139] Building CXX object test\CMakeFiles\header_simulation_symocraft_simulation_transform_system_h.dir\public-headers\header_simulation_symocraft_simulation_transform_system_h.cpp.obj
[82/139] Building CXX object test\CMakeFiles\header_simulation_symocraft_simulation_camera_h.dir\public-headers\header_simulation_symocraft_simulation_camera_h.cpp.obj
[83/139] Building CXX object test\CMakeFiles\header_simulation_symocraft_simulation_component_h.dir\public-headers\header_simulation_symocraft_simulation_component_h.cpp.obj
[84/139] Building CXX object test\CMakeFiles\header_simulation_symocraft_simulation_physics_system_h.dir\public-headers\header_simulation_symocraft_simulation_physics_system_h.cpp.obj
[85/139] Building CXX object test\CMakeFiles\header_simulation_symocraft_simulation_player_math_h.dir\public-headers\header_simulation_symocraft_simulation_player_math_h.cpp.obj
[86/139] Building CXX object test\CMakeFiles\header_simulation_symocraft_simulation_playercontroller_h.dir\public-headers\header_simulation_symocraft_simulation_playercontroller_h.cpp.obj
[87/139] Building CXX object test\unit\ecs\CMakeFiles\registry_tests.dir\registry_tests.cpp.obj
F:\GameDevelop\OpenGLProject\Symocraft\game\modules\ecs\include\symocraft/ecs/registry.h(134): warning C4244: 'argument': conversion from 'SymoCraft::ECS::EntityId' to 'SymoCraft::ECS::EntityIndex', possible loss of data
F:\GameDevelop\OpenGLProject\Symocraft\game\modules\ecs\include\symocraft/ecs/registry.h(134): note: the template instantiation context (the oldest one first) is
F:\GameDevelop\OpenGLProject\Symocraft\test\unit\ecs\registry_tests.cpp(25): note: see reference to class template instantiation 'SymoCraft::ECS::RegistryViewer<`anonymous-namespace'::Position,`anonymous-namespace'::Velocity>' being compiled
F:\GameDevelop\OpenGLProject\Symocraft\game\modules\ecs\include\symocraft/ecs/registry.h(129): note: while compiling class template member function 'const SymoCraft::ECS::Iterator SymoCraft::ECS::RegistryViewer<`anonymous-namespace'::Position,`anonymous-namespace'::Velocity>::begin(void) const'
F:\GameDevelop\OpenGLProject\Symocraft\test\unit\ecs\registry_tests.cpp(25): note: see the first reference to 'SymoCraft::ECS::RegistryViewer<`anonymous-namespace'::Position,`anonymous-namespace'::Velocity>::begin' in 'main'
[88/139] Building CXX object test\CMakeFiles\header_telemetry_symocraft_telemetry_document_io_h.dir\public-headers\header_telemetry_symocraft_telemetry_document_io_h.cpp.obj
[89/139] Building CXX object test\CMakeFiles\header_telemetry_symocraft_telemetry_performance_h.dir\public-headers\header_telemetry_symocraft_telemetry_performance_h.cpp.obj
[90/139] Building CXX object test\unit\foundation\CMakeFiles\document_tests.dir\document_tests.cpp.obj
[91/139] Building CXX object test\unit\assets\CMakeFiles\asset_paths_tests.dir\asset_paths_tests.cpp.obj
[92/139] Building CXX object test\unit\assets\CMakeFiles\image_tests.dir\image_tests.cpp.obj
[93/139] Building CXX object test\unit\platform\CMakeFiles\key_snapshot_tests.dir\key_snapshot_tests.cpp.obj
[94/139] Linking CXX executable test\header_foundation_symocraft_foundation_diagnostics_h.exe
[95/139] Building CXX object test\unit\app\CMakeFiles\startup_options_tests.dir\startup_options_tests.cpp.obj
E:\Applications\Microsoft VS\2022\VC\Tools\MSVC\14.38.33130\include\optional(831): warning C4389: '==': signed/unsigned mismatch
E:\Applications\Microsoft VS\2022\VC\Tools\MSVC\14.38.33130\include\optional(831): note: the template instantiation context (the oldest one first) is
F:\GameDevelop\OpenGLProject\Symocraft\test\unit\app\startup_options_tests.cpp(23): note: see reference to function template instantiation 'bool std::operator ==<uint32_t,int,0>(const std::optional<uint32_t> &,const _Ty2 &) noexcept(<expr>)' being compiled
        with
        [
            _Ty2=int
        ]
E:\Applications\Microsoft VS\2022\VC\Tools\MSVC\14.38.33130\include\optional(833): warning C4389: '==': signed/unsigned mismatch
E:\Applications\Microsoft VS\2022\VC\Tools\MSVC\14.38.33130\include\optional(833): note: the template instantiation context (the oldest one first) is
F:\GameDevelop\OpenGLProject\Symocraft\test\unit\app\startup_options_tests.cpp(23): note: see reference to function template instantiation 'bool std::operator ==<uint32_t,int,0>(const std::optional<uint32_t> &,const _Ty2 &) noexcept' being compiled
        with
        [
            _Ty2=int
        ]
[96/139] Linking CXX executable test\header_foundation_symocraft_foundation_document_h.exe
[97/139] Linking CXX executable test\header_foundation_symocraft_foundation_files_h.exe
[98/139] Building CXX object test\unit\world\CMakeFiles\mesh_safety_tests.dir\mesh_safety_tests.cpp.obj
[99/139] Linking CXX executable test\header_foundation_symocraft_foundation_math_h.exe
[100/139] Linking CXX executable test\header_foundation_symocraft_foundation_memory_h.exe
[101/139] Building CXX object test\unit\simulation\CMakeFiles\player_math_tests.dir\player_math_tests.cpp.obj
[102/139] Linking CXX executable test\header_foundation_symocraft_foundation_types_h.exe
[103/139] Building CXX object test\unit\world\CMakeFiles\world_generation_tests.dir\world_generation_tests.cpp.obj
[104/139] Linking CXX executable test\header_scene_symocraft_scene_camera_h.exe
[105/139] Linking CXX executable test\header_scene_symocraft_scene_mesh_h.exe
[106/139] Building CXX object test\unit\telemetry\CMakeFiles\performance_tests.dir\performance_tests.cpp.obj
[107/139] Linking CXX executable test\header_assets_symocraft_assets_asset_paths_h.exe
[108/139] Linking CXX executable test\header_assets_symocraft_assets_image_h.exe
[109/139] Linking CXX executable test\header_world_symocraft_world_benchmark_workload_h.exe
[110/139] Linking CXX executable test\header_world_symocraft_world_block_h.exe
[111/139] Linking CXX executable test\header_world_symocraft_world_chunk_manager_h.exe
[112/139] Linking CXX executable test\header_world_symocraft_world_generation_h.exe
[113/139] Building CXX object test\unit\world\CMakeFiles\block_config_tests.dir\block_config_tests.cpp.obj
[114/139] Linking CXX executable test\header_world_symocraft_world_test_scene_h.exe
[115/139] Linking CXX executable test\header_world_symocraft_world_world_h.exe
[116/139] Linking CXX executable test\header_ecs_symocraft_ecs_registry_h.exe
[117/139] Linking CXX executable test\header_world_symocraft_world_constants_h.exe
[118/139] Linking CXX executable test\header_simulation_symocraft_simulation_camera_h.exe
[119/139] Linking CXX executable test\header_simulation_symocraft_simulation_character_system_h.exe
[120/139] Linking CXX executable test\header_simulation_symocraft_simulation_player_h.exe
[121/139] Linking CXX executable test\header_simulation_symocraft_simulation_component_h.exe
[122/139] Linking CXX executable test\header_simulation_symocraft_simulation_physics_system_h.exe
[123/139] Linking CXX executable test\header_simulation_symocraft_simulation_transform_system_h.exe
[124/139] Linking CXX executable test\header_telemetry_symocraft_telemetry_document_io_h.exe
[125/139] Linking CXX executable test\header_simulation_symocraft_simulation_playercontroller_h.exe
[126/139] Linking CXX executable test\header_telemetry_symocraft_telemetry_performance_h.exe
[127/139] Linking CXX executable test\unit\assets\asset_paths_tests.exe
[128/139] Linking CXX executable test\header_simulation_symocraft_simulation_player_math_h.exe
[129/139] Linking CXX executable test\unit\foundation\document_tests.exe
[130/139] Linking CXX executable test\unit\assets\image_tests.exe
[131/139] Linking CXX executable test\unit\world\block_config_tests.exe
[132/139] Linking CXX executable test\unit\world\world_generation_tests.exe
[133/139] Linking CXX executable test\unit\ecs\registry_tests.exe
[134/139] Linking CXX executable test\unit\world\mesh_safety_tests.exe
[135/139] Linking CXX executable test\unit\platform\key_snapshot_tests.exe
[136/139] Linking CXX executable test\unit\simulation\player_math_tests.exe
[137/139] Linking CXX executable test\unit\app\startup_options_tests.exe
[138/139] Linking CXX executable test\unit\telemetry\performance_tests.exe
