[0/2] Re-checking globbed directories...
[1/2] Re-running CMake...
-- Configuring done (0.5s)
-- Generating done (0.2s)
-- Build files have been written to: F:/GameDevelop/OpenGLProject/Symocraft/out/m3-t0/build/cpu-debug
[0/4] Re-checking globbed directories...
[1/33] Building CXX object test\CMakeFiles\header_simulation_symocraft_simulation_player_h.dir\public-headers\header_simulation_symocraft_simulation_player_h.cpp.obj
[2/33] Synchronizing required SymoCraft runtime assets
[3/33] Building CXX object test\CMakeFiles\header_assets_symocraft_assets_image_h.dir\public-headers\header_assets_symocraft_assets_image_h.cpp.obj
[4/33] Building CXX object test\unit\assets\CMakeFiles\image_tests.dir\image_tests.cpp.obj
[5/33] Building CXX object game\modules\assets\CMakeFiles\symocraft_assets.dir\src\image.cpp.obj
[6/33] Linking CXX static library game\modules\assets\symocraft_assets.lib
[7/33] Building CXX object game\modules\simulation\CMakeFiles\symocraft_simulation.dir\src\player.cpp.obj
[8/33] Linking CXX static library game\modules\simulation\symocraft_simulation.lib
[9/33] Building CXX object test\unit\foundation\CMakeFiles\document_tests.dir\document_tests.cpp.obj
[10/33] Linking CXX executable test\header_assets_symocraft_assets_asset_paths_h.exe
[11/33] Linking CXX executable bin\asset_paths_tests.exe
[12/33] Linking CXX executable test\header_assets_symocraft_assets_image_h.exe
[13/33] Linking CXX executable test\header_simulation_symocraft_simulation_camera_h.exe
[14/33] Building CXX object game\modules\telemetry\CMakeFiles\symocraft_telemetry.dir\src\document_io.cpp.obj
[15/33] Linking CXX executable test\header_simulation_symocraft_simulation_character_system_h.exe
[16/33] Linking CXX static library game\modules\telemetry\symocraft_telemetry.lib
[17/33] Linking CXX executable test\header_simulation_symocraft_simulation_component_h.exe
[18/33] Linking CXX executable test\header_simulation_symocraft_simulation_player_h.exe
[19/33] Linking CXX executable test\header_simulation_symocraft_simulation_physics_system_h.exe
[20/33] Linking CXX executable test\header_simulation_symocraft_simulation_player_math_h.exe
[21/33] Linking CXX executable test\header_simulation_symocraft_simulation_playercontroller_h.exe
[22/33] Linking CXX executable test\unit\assets\image_tests.exe
[23/33] Linking CXX executable test\header_simulation_symocraft_simulation_transform_system_h.exe
[24/33] Linking CXX executable test\header_telemetry_symocraft_telemetry_document_io_h.exe
[25/33] Linking CXX executable test\header_telemetry_symocraft_telemetry_performance_h.exe
[26/33] Linking CXX executable test\unit\foundation\document_tests.exe
[27/33] Linking CXX executable test\unit\simulation\player_math_tests.exe
[28/33] Linking CXX executable test\unit\telemetry\performance_tests.exe
[29/33] Building CXX object test\unit\simulation\CMakeFiles\simulation_contract_tests.dir\simulation_contract_tests.cpp.obj
[30/33] Linking CXX executable test\unit\simulation\simulation_contract_tests.exe
