[0/2] Re-checking globbed directories...
[1/2] Re-running CMake...
-- Using Win32 for window creation
-- Configuring done (0.4s)
-- Generating done (0.2s)
-- Build files have been written to: F:/GameDevelop/OpenGLProject/Symocraft/out/m3-t0/build/full-debug
[0/4] Re-checking globbed directories...
[1/30] Linking CXX executable test\header_world_symocraft_world_block_h.exe
[2/30] Linking CXX executable test\header_world_symocraft_world_benchmark_workload_h.exe
[3/30] Linking CXX executable test\header_world_symocraft_world_generation_h.exe
[4/30] Linking CXX executable test\header_world_symocraft_world_chunk_manager_h.exe
[5/30] Linking CXX executable test\header_world_symocraft_world_constants_h.exe
[6/30] Linking CXX executable test\header_world_symocraft_world_test_scene_h.exe
[7/30] Linking CXX executable test\header_world_symocraft_world_world_h.exe
[8/30] Linking CXX executable test\header_simulation_symocraft_simulation_character_system_h.exe
[9/30] Linking CXX executable test\header_simulation_symocraft_simulation_camera_h.exe
[10/30] Linking CXX executable test\header_simulation_symocraft_simulation_player_h.exe
[11/30] Linking CXX executable test\header_simulation_symocraft_simulation_component_h.exe
[12/30] Linking CXX executable test\header_simulation_symocraft_simulation_physics_system_h.exe
[13/30] Linking CXX executable test\header_simulation_symocraft_simulation_playercontroller_h.exe
[14/30] Linking CXX executable test\header_simulation_symocraft_simulation_player_math_h.exe
[15/30] Linking CXX executable test\header_simulation_symocraft_simulation_transform_system_h.exe
[16/30] Linking CXX executable test\header_renderer_symocraft_renderer_gpu_timer_h.exe
[17/30] Linking CXX executable test\header_renderer_symocraft_renderer_render_stats_h.exe
[18/30] Linking CXX executable test\header_renderer_symocraft_renderer_renderer_h.exe
[19/30] Linking CXX executable test\unit\world\block_config_tests.exe
[20/30] Linking CXX executable test\unit\world\mesh_safety_tests.exe
[21/30] Synchronizing required SymoCraft runtime assets
[22/30] Linking CXX executable test\unit\simulation\player_math_tests.exe
[23/30] Linking CXX executable test\unit\renderer\batch_safety_tests.exe
[24/30] Linking CXX executable test\unit\renderer\shader_loading_tests.exe
[25/30] Linking CXX executable test\unit\renderer\gpu_timer_tests.exe
[26/30] Linking CXX executable test\unit\world\world_generation_tests.exe
[27/30] Linking CXX executable test\unit\simulation\simulation_contract_tests.exe
