[0/2] Re-checking globbed directories...
[1/202] Building CXX object CMakeFiles\symocraft_yaml.dir\vendor\yaml-cpp\src\directives.cpp.obj
[2/202] Building CXX object CMakeFiles\symocraft_yaml.dir\vendor\yaml-cpp\src\binary.cpp.obj
[3/202] Building CXX object CMakeFiles\symocraft_yaml.dir\vendor\yaml-cpp\src\depthguard.cpp.obj
[4/202] Building CXX object CMakeFiles\symocraft_yaml.dir\vendor\yaml-cpp\src\emitterstate.cpp.obj
[5/202] Building CXX object CMakeFiles\symocraft_yaml.dir\vendor\yaml-cpp\src\emitfromevents.cpp.obj
[6/202] Building CXX object CMakeFiles\symocraft_yaml.dir\vendor\yaml-cpp\src\emit.cpp.obj
[7/202] Building CXX object CMakeFiles\symocraft_yaml.dir\vendor\yaml-cpp\src\emitter.cpp.obj
[8/202] Building CXX object CMakeFiles\symocraft_yaml.dir\vendor\yaml-cpp\src\convert.cpp.obj
[9/202] Building CXX object CMakeFiles\symocraft_yaml.dir\vendor\yaml-cpp\src\exceptions.cpp.obj
[10/202] Building CXX object CMakeFiles\symocraft_yaml.dir\vendor\yaml-cpp\src\node.cpp.obj
[11/202] Building CXX object CMakeFiles\symocraft_yaml.dir\vendor\yaml-cpp\src\emitterutils.cpp.obj
[12/202] Building CXX object CMakeFiles\symocraft_yaml.dir\vendor\yaml-cpp\src\memory.cpp.obj
[13/202] Building CXX object CMakeFiles\symocraft_yaml.dir\vendor\yaml-cpp\src\null.cpp.obj
[14/202] Building CXX object CMakeFiles\symocraft_yaml.dir\vendor\yaml-cpp\src\exp.cpp.obj
[15/202] Building CXX object CMakeFiles\symocraft_yaml.dir\vendor\yaml-cpp\src\nodeevents.cpp.obj
[16/202] Building CXX object CMakeFiles\symocraft_yaml.dir\vendor\yaml-cpp\src\node_data.cpp.obj
[17/202] Building CXX object CMakeFiles\symocraft_yaml.dir\vendor\yaml-cpp\src\nodebuilder.cpp.obj
[18/202] Building CXX object CMakeFiles\symocraft_yaml.dir\vendor\yaml-cpp\src\ostream_wrapper.cpp.obj
[19/202] Building CXX object CMakeFiles\symocraft_yaml.dir\vendor\yaml-cpp\src\regex_yaml.cpp.obj
[20/202] Building CXX object CMakeFiles\symocraft_yaml.dir\vendor\yaml-cpp\src\parse.cpp.obj
[21/202] Building CXX object CMakeFiles\symocraft_yaml.dir\vendor\yaml-cpp\src\parser.cpp.obj
[22/202] Building CXX object CMakeFiles\symocraft_yaml.dir\vendor\yaml-cpp\src\scantag.cpp.obj
[23/202] Building CXX object CMakeFiles\symocraft_yaml.dir\vendor\yaml-cpp\src\scanscalar.cpp.obj
[24/202] Building CXX object CMakeFiles\symocraft_yaml.dir\vendor\yaml-cpp\src\scanner.cpp.obj
[25/202] Building CXX object CMakeFiles\symocraft_yaml.dir\vendor\yaml-cpp\src\stream.cpp.obj
[26/202] Building CXX object CMakeFiles\symocraft_yaml.dir\vendor\yaml-cpp\src\simplekey.cpp.obj
[27/202] Building CXX object CMakeFiles\symocraft_yaml.dir\vendor\yaml-cpp\src\scantoken.cpp.obj
[28/202] Building C object vendor\glfw\src\CMakeFiles\glfw.dir\context.c.obj
[29/202] Building C object vendor\glfw\src\CMakeFiles\glfw.dir\init.c.obj
[30/202] Building CXX object CMakeFiles\symocraft_yaml.dir\vendor\yaml-cpp\src\singledocparser.cpp.obj
[31/202] Building CXX object CMakeFiles\symocraft_yaml.dir\vendor\yaml-cpp\src\tag.cpp.obj
[32/202] Building C object vendor\glfw\src\CMakeFiles\glfw.dir\input.c.obj
[33/202] Building CXX object game\modules\foundation\CMakeFiles\symocraft_foundation.dir\src\document.cpp.obj
[34/202] Building C object vendor\glfw\src\CMakeFiles\glfw.dir\monitor.c.obj
[35/202] Building C object vendor\glfw\src\CMakeFiles\glfw.dir\vulkan.c.obj
[36/202] Building C object vendor\glfw\src\CMakeFiles\glfw.dir\window.c.obj
[37/202] Building C object vendor\glfw\src\CMakeFiles\glfw.dir\win32_init.c.obj
[38/202] Building C object vendor\glfw\src\CMakeFiles\glfw.dir\win32_joystick.c.obj
[39/202] Building C object vendor\glfw\src\CMakeFiles\glfw.dir\win32_monitor.c.obj
[40/202] Building C object vendor\glfw\src\CMakeFiles\glfw.dir\win32_time.c.obj
[41/202] Building C object vendor\glfw\src\CMakeFiles\glfw.dir\win32_thread.c.obj
[42/202] Linking CXX static library symocraft_yaml.lib
[43/202] Building C object vendor\glfw\src\CMakeFiles\glfw.dir\wgl_context.c.obj
[44/202] Building C object vendor\glfw\src\CMakeFiles\glfw.dir\win32_window.c.obj
[45/202] Building C object vendor\glfw\src\CMakeFiles\glfw.dir\egl_context.c.obj
[46/202] Building C object vendor\glfw\src\CMakeFiles\glfw.dir\osmesa_context.c.obj
[47/202] Building CXX object game\modules\ecs\CMakeFiles\symocraft_ecs.dir\src\internal.cpp.obj
[48/202] Building C object game\CMakeFiles\symocraft_glad.dir\__\vendor\glad\glad.c.obj
[49/202] Building CXX object game\modules\foundation\CMakeFiles\symocraft_foundation.dir\src\files.cpp.obj
[50/202] Building CXX object game\modules\ecs\CMakeFiles\symocraft_ecs.dir\src\registry.cpp.obj
F:\GameDevelop\OpenGLProject\Symocraft\game\modules\ecs\src\legacy/RawMemory.h(53): warning C4458: declaration of 'offset' hides class member
F:\GameDevelop\OpenGLProject\Symocraft\game\modules\ecs\src\legacy/RawMemory.h(15): note: see declaration of 'RawMemory::offset'
F:\GameDevelop\OpenGLProject\Symocraft\game\modules\ecs\src\legacy/RawMemory.h(61): warning C4458: declaration of 'data' hides class member
F:\GameDevelop\OpenGLProject\Symocraft\game\modules\ecs\src\legacy/RawMemory.h(13): note: see declaration of 'RawMemory::data'
F:\GameDevelop\OpenGLProject\Symocraft\game\modules\ecs\src\legacy/RawMemory.h(61): warning C4100: 'data': unreferenced formal parameter
F:\GameDevelop\OpenGLProject\Symocraft\game\modules\ecs\src\legacy/RawMemory.h(66): warning C4189: 'new_size': local variable is initialized but not referenced
F:\GameDevelop\OpenGLProject\Symocraft\game\modules\ecs\src\legacy/RawMemory.h(72): warning C4458: declaration of 'data' hides class member
F:\GameDevelop\OpenGLProject\Symocraft\game\modules\ecs\src\legacy/RawMemory.h(13): note: see declaration of 'RawMemory::data'
F:\GameDevelop\OpenGLProject\Symocraft\game\modules\ecs\src\registry.cpp(73): warning C4244: 'initializing': conversion from '_Ty' to 'SymoCraft::ECS::EntityIndex', possible loss of data
        with
        [
            _Ty=SymoCraft::ECS::EntityId
        ]
F:\GameDevelop\OpenGLProject\Symocraft\game\modules\ecs\src\registry.cpp(264): warning C4244: 'return': conversion from '_Ty' to 'SymoCraft::ECS::EntityIndex', possible loss of data
        with
        [
            _Ty=SymoCraft::ECS::EntityId
        ]
F:\GameDevelop\OpenGLProject\Symocraft\game\modules\ecs\src\registry.cpp(293): warning C4244: 'argument': conversion from '_Ty' to 'SymoCraft::ECS::EntityIndex', possible loss of data
        with
        [
            _Ty=SymoCraft::ECS::EntityId
        ]
[51/202] Building CXX object game\modules\foundation\CMakeFiles\symocraft_foundation.dir\src\legacy\AmoBase.cpp.obj
F:\GameDevelop\OpenGLProject\Symocraft\game\modules\foundation\src\legacy\AmoBase.cpp(338): warning C4996: 'localtime': This function or variable may be unsafe. Consider using localtime_s instead. To disable deprecation, use _CRT_SECURE_NO_WARNINGS. See online help for details.
F:\GameDevelop\OpenGLProject\Symocraft\game\modules\foundation\src\legacy\AmoBase.cpp(363): warning C4996: 'localtime': This function or variable may be unsafe. Consider using localtime_s instead. To disable deprecation, use _CRT_SECURE_NO_WARNINGS. See online help for details.
F:\GameDevelop\OpenGLProject\Symocraft\game\modules\foundation\src\legacy\AmoBase.cpp(388): warning C4996: 'localtime': This function or variable may be unsafe. Consider using localtime_s instead. To disable deprecation, use _CRT_SECURE_NO_WARNINGS. See online help for details.
F:\GameDevelop\OpenGLProject\Symocraft\game\modules\foundation\src\legacy\AmoBase.cpp(413): warning C4996: 'localtime': This function or variable may be unsafe. Consider using localtime_s instead. To disable deprecation, use _CRT_SECURE_NO_WARNINGS. See online help for details.
F:\GameDevelop\OpenGLProject\Symocraft\game\modules\foundation\src\legacy\AmoBase.cpp(438): warning C4996: 'localtime': This function or variable may be unsafe. Consider using localtime_s instead. To disable deprecation, use _CRT_SECURE_NO_WARNINGS. See online help for details.
[52/202] Linking CXX static library game\modules\foundation\symocraft_foundation.lib
[53/202] Building CXX object game\modules\assets\CMakeFiles\symocraft_assets.dir\src\image.cpp.obj
[54/202] Building CXX object game\modules\assets\CMakeFiles\symocraft_assets.dir\src\asset_paths.cpp.obj
[55/202] Linking C static library vendor\glfw\src\glfw3.lib
[56/202] Building CXX object game\modules\world\CMakeFiles\symocraft_world.dir\src\world_coordinates.cpp.obj
[57/202] Building CXX object game\modules\world\CMakeFiles\symocraft_world.dir\src\chunk_manager.cpp.obj
[58/202] Linking C static library game\symocraft_glad.lib
[59/202] Building CXX object game\modules\platform\CMakeFiles\symocraft_platform.dir\src\process_memory.cpp.obj
[60/202] Linking CXX static library game\modules\assets\symocraft_assets.lib
[61/202] Linking CXX static library game\modules\ecs\symocraft_ecs.lib
[62/202] Building CXX object game\modules\world\CMakeFiles\symocraft_world.dir\src\chunk.cpp.obj
[63/202] Building CXX object game\modules\world\CMakeFiles\symocraft_world.dir\src\block.cpp.obj
[64/202] Building CXX object game\modules\world\CMakeFiles\symocraft_world.dir\src\test_scene.cpp.obj
[65/202] Building CXX object game\modules\platform\CMakeFiles\symocraft_platform.dir\src\window.cpp.obj
[66/202] Synchronizing required SymoCraft runtime assets
[67/202] Building CXX object game\modules\world\CMakeFiles\symocraft_world.dir\src\generation.cpp.obj
[68/202] Linking CXX static library game\modules\world\symocraft_world.lib
[69/202] Building CXX object game\modules\simulation\CMakeFiles\symocraft_simulation.dir\src\Camera.cpp.obj
[70/202] Building CXX object game\modules\simulation\CMakeFiles\symocraft_simulation.dir\src\player.cpp.obj
[71/202] Linking CXX static library game\modules\platform\symocraft_platform.lib
[72/202] Building CXX object game\modules\simulation\CMakeFiles\symocraft_simulation.dir\src\character_system.cpp.obj
F:\GameDevelop\OpenGLProject\Symocraft\game\modules\ecs\include\symocraft/ecs/registry.h(134): warning C4244: 'argument': conversion from 'SymoCraft::ECS::EntityId' to 'SymoCraft::ECS::EntityIndex', possible loss of data
F:\GameDevelop\OpenGLProject\Symocraft\game\modules\ecs\include\symocraft/ecs/registry.h(134): note: the template instantiation context (the oldest one first) is
F:\GameDevelop\OpenGLProject\Symocraft\game\modules\simulation\src\character_system.cpp(56): note: see reference to class template instantiation 'SymoCraft::ECS::RegistryViewer<SymoCraft::Transform,SymoCraft::Character::PlayerComponent>' being compiled
F:\GameDevelop\OpenGLProject\Symocraft\game\modules\ecs\include\symocraft/ecs/registry.h(129): note: while compiling class template member function 'const SymoCraft::ECS::Iterator SymoCraft::ECS::RegistryViewer<SymoCraft::Transform,SymoCraft::Character::PlayerComponent>::begin(void) const'
F:\GameDevelop\OpenGLProject\Symocraft\game\modules\simulation\src\character_system.cpp(56): note: see the first reference to 'SymoCraft::ECS::RegistryViewer<SymoCraft::Transform,SymoCraft::Character::PlayerComponent>::begin' in 'SymoCraft::Character::Player::SyncCamera'
[73/202] Building CXX object game\modules\simulation\CMakeFiles\symocraft_simulation.dir\src\physics_system.cpp.obj
F:\GameDevelop\OpenGLProject\Symocraft\game\modules\simulation\src\physics_system.cpp(134): warning C4100: 'entity': unreferenced formal parameter
F:\GameDevelop\OpenGLProject\Symocraft\game\modules\simulation\src\physics_system.cpp(223): warning C4100: 'rb1': unreferenced formal parameter
F:\GameDevelop\OpenGLProject\Symocraft\game\modules\ecs\include\symocraft/ecs/registry.h(134): warning C4244: 'argument': conversion from 'SymoCraft::ECS::EntityId' to 'SymoCraft::ECS::EntityIndex', possible loss of data
F:\GameDevelop\OpenGLProject\Symocraft\game\modules\ecs\include\symocraft/ecs/registry.h(134): note: the template instantiation context (the oldest one first) is
F:\GameDevelop\OpenGLProject\Symocraft\game\modules\simulation\src\physics_system.cpp(86): note: see reference to class template instantiation 'SymoCraft::ECS::RegistryViewer<SymoCraft::Transform,SymoCraft::Physics::RigidBody,SymoCraft::Physics::HitBox>' being compiled
F:\GameDevelop\OpenGLProject\Symocraft\game\modules\ecs\include\symocraft/ecs/registry.h(129): note: while compiling class template member function 'const SymoCraft::ECS::Iterator SymoCraft::ECS::RegistryViewer<SymoCraft::Transform,SymoCraft::Physics::RigidBody,SymoCraft::Physics::HitBox>::begin(void) const'
F:\GameDevelop\OpenGLProject\Symocraft\game\modules\simulation\src\physics_system.cpp(86): note: see the first reference to 'SymoCraft::ECS::RegistryViewer<SymoCraft::Transform,SymoCraft::Physics::RigidBody,SymoCraft::Physics::HitBox>::begin' in 'SymoCraft::Physics::Update'
[74/202] Building CXX object game\modules\simulation\CMakeFiles\symocraft_simulation.dir\src\transform_system.cpp.obj
F:\GameDevelop\OpenGLProject\Symocraft\game\modules\ecs\include\symocraft/ecs/registry.h(134): warning C4244: 'argument': conversion from 'SymoCraft::ECS::EntityId' to 'SymoCraft::ECS::EntityIndex', possible loss of data
F:\GameDevelop\OpenGLProject\Symocraft\game\modules\ecs\include\symocraft/ecs/registry.h(134): note: the template instantiation context (the oldest one first) is
F:\GameDevelop\OpenGLProject\Symocraft\game\modules\simulation\src\transform_system.cpp(14): note: see reference to class template instantiation 'SymoCraft::ECS::RegistryViewer<SymoCraft::Transform>' being compiled
F:\GameDevelop\OpenGLProject\Symocraft\game\modules\ecs\include\symocraft/ecs/registry.h(129): note: while compiling class template member function 'const SymoCraft::ECS::Iterator SymoCraft::ECS::RegistryViewer<SymoCraft::Transform>::begin(void) const'
F:\GameDevelop\OpenGLProject\Symocraft\game\modules\simulation\src\transform_system.cpp(14): note: see the first reference to 'SymoCraft::ECS::RegistryViewer<SymoCraft::Transform>::begin' in 'SymoCraft::TransformSystem::Update'
[75/202] Building CXX object game\modules\simulation\CMakeFiles\symocraft_simulation.dir\src\playercontroller.cpp.obj
[76/202] Building CXX object game\modules\renderer\CMakeFiles\symocraft_renderer.dir\src\gpu_timer.cpp.obj
[77/202] Building CXX object game\modules\telemetry\CMakeFiles\symocraft_telemetry.dir\src\performance.cpp.obj
[78/202] Building CXX object game\app\CMakeFiles\symocraft_startup.dir\src\startup_options.cpp.obj
[79/202] Building CXX object game\modules\renderer\CMakeFiles\symocraft_renderer.dir\src\shader.cpp.obj
[80/202] Linking CXX static library game\modules\simulation\symocraft_simulation.lib
[81/202] Linking CXX static library game\app\symocraft_startup.lib
[82/202] Building CXX object game\modules\telemetry\CMakeFiles\symocraft_telemetry.dir\src\document_io.cpp.obj
[83/202] Building CXX object game\modules\renderer\CMakeFiles\symocraft_renderer.dir\src\texture.cpp.obj
[84/202] Linking CXX static library game\modules\telemetry\symocraft_telemetry.lib
[85/202] Building CXX object game\modules\renderer\CMakeFiles\symocraft_renderer.dir\src\shader_program.cpp.obj
[86/202] Building CXX object game\modules\renderer\CMakeFiles\symocraft_renderer.dir\src\renderer.cpp.obj
[87/202] Building CXX object test\CMakeFiles\header_foundation_symocraft_foundation_diagnostics_h.dir\public-headers\header_foundation_symocraft_foundation_diagnostics_h.cpp.obj
[88/202] Building CXX object tools\benchmark\CMakeFiles\benchmark_core.dir\src\platform.cpp.obj
[89/202] Building CXX object test\CMakeFiles\header_foundation_symocraft_foundation_document_h.dir\public-headers\header_foundation_symocraft_foundation_document_h.cpp.obj
[90/202] Building CXX object game\app\CMakeFiles\SymoCraft.dir\src\main.cpp.obj
[91/202] Building CXX object test\CMakeFiles\header_foundation_symocraft_foundation_memory_h.dir\public-headers\header_foundation_symocraft_foundation_memory_h.cpp.obj
[92/202] Building CXX object test\CMakeFiles\header_foundation_symocraft_foundation_types_h.dir\public-headers\header_foundation_symocraft_foundation_types_h.cpp.obj
[93/202] Building CXX object game\modules\renderer\CMakeFiles\symocraft_renderer.dir\src\performance_memory.cpp.obj
[94/202] Linking CXX static library game\modules\renderer\symocraft_renderer.lib
[95/202] Building CXX object tools\benchmark\CMakeFiles\SymoCraftBenchmark.dir\src\main.cpp.obj
[96/202] Building CXX object test\CMakeFiles\header_foundation_symocraft_foundation_files_h.dir\public-headers\header_foundation_symocraft_foundation_files_h.cpp.obj
[97/202] Building CXX object test\CMakeFiles\header_foundation_symocraft_foundation_math_h.dir\public-headers\header_foundation_symocraft_foundation_math_h.cpp.obj
[98/202] Building CXX object tools\benchmark\CMakeFiles\SymoCraftBenchmark.dir\src\gui.cpp.obj
[99/202] Building CXX object test\CMakeFiles\header_scene_symocraft_scene_camera_h.dir\public-headers\header_scene_symocraft_scene_camera_h.cpp.obj
[100/202] Building CXX object test\CMakeFiles\header_assets_symocraft_assets_asset_paths_h.dir\public-headers\header_assets_symocraft_assets_asset_paths_h.cpp.obj
[101/202] Building CXX object test\CMakeFiles\header_scene_symocraft_scene_mesh_h.dir\public-headers\header_scene_symocraft_scene_mesh_h.cpp.obj
[102/202] Building CXX object game\app\CMakeFiles\SymoCraft.dir\src\application.cpp.obj
F:\GameDevelop\OpenGLProject\Symocraft\game\app\src\application.cpp(122): warning C4389: '!=': signed/unsigned mismatch
F:\GameDevelop\OpenGLProject\Symocraft\game\app\src\application.cpp(122): warning C4389: '!=': signed/unsigned mismatch
F:\GameDevelop\OpenGLProject\Symocraft\game\app\src\application.cpp(274): warning C4389: '!=': signed/unsigned mismatch
F:\GameDevelop\OpenGLProject\Symocraft\game\app\src\application.cpp(274): warning C4389: '!=': signed/unsigned mismatch
[103/202] Building CXX object tools\benchmark\CMakeFiles\benchmark_core.dir\src\runner.cpp.obj
[104/202] Linking CXX static library tools\benchmark\benchmark_core.lib
[105/202] Building CXX object test\CMakeFiles\header_assets_symocraft_assets_image_h.dir\public-headers\header_assets_symocraft_assets_image_h.cpp.obj
[106/202] Building CXX object test\CMakeFiles\header_world_symocraft_world_block_h.dir\public-headers\header_world_symocraft_world_block_h.cpp.obj
[107/202] Building CXX object test\CMakeFiles\header_ecs_symocraft_ecs_registry_h.dir\public-headers\header_ecs_symocraft_ecs_registry_h.cpp.obj
[108/202] Building CXX object test\CMakeFiles\header_world_symocraft_world_benchmark_workload_h.dir\public-headers\header_world_symocraft_world_benchmark_workload_h.cpp.obj
[109/202] Building CXX object test\CMakeFiles\header_world_symocraft_world_chunk_manager_h.dir\public-headers\header_world_symocraft_world_chunk_manager_h.cpp.obj
[110/202] Building CXX object test\CMakeFiles\header_world_symocraft_world_constants_h.dir\public-headers\header_world_symocraft_world_constants_h.cpp.obj
[111/202] Building CXX object test\CMakeFiles\header_world_symocraft_world_world_h.dir\public-headers\header_world_symocraft_world_world_h.cpp.obj
[112/202] Building CXX object test\CMakeFiles\header_simulation_symocraft_simulation_character_system_h.dir\public-headers\header_simulation_symocraft_simulation_character_system_h.cpp.obj
[113/202] Building CXX object test\CMakeFiles\header_world_symocraft_world_test_scene_h.dir\public-headers\header_world_symocraft_world_test_scene_h.cpp.obj
[114/202] Building CXX object test\CMakeFiles\header_simulation_symocraft_simulation_player_h.dir\public-headers\header_simulation_symocraft_simulation_player_h.cpp.obj
[115/202] Building CXX object test\CMakeFiles\header_world_symocraft_world_generation_h.dir\public-headers\header_world_symocraft_world_generation_h.cpp.obj
[116/202] Building CXX object test\CMakeFiles\header_platform_symocraft_platform_key_snapshot_h.dir\public-headers\header_platform_symocraft_platform_key_snapshot_h.cpp.obj
[117/202] Building CXX object test\CMakeFiles\header_simulation_symocraft_simulation_transform_system_h.dir\public-headers\header_simulation_symocraft_simulation_transform_system_h.cpp.obj
[118/202] Building CXX object test\CMakeFiles\header_platform_symocraft_platform_process_memory_h.dir\public-headers\header_platform_symocraft_platform_process_memory_h.cpp.obj
[119/202] Building CXX object test\CMakeFiles\header_renderer_symocraft_renderer_render_stats_h.dir\public-headers\header_renderer_symocraft_renderer_render_stats_h.cpp.obj
[120/202] Building CXX object test\CMakeFiles\header_renderer_symocraft_renderer_gpu_timer_h.dir\public-headers\header_renderer_symocraft_renderer_gpu_timer_h.cpp.obj
[121/202] Building CXX object test\CMakeFiles\header_platform_symocraft_platform_window_h.dir\public-headers\header_platform_symocraft_platform_window_h.cpp.obj
[122/202] Building CXX object test\CMakeFiles\header_simulation_symocraft_simulation_camera_h.dir\public-headers\header_simulation_symocraft_simulation_camera_h.cpp.obj
[123/202] Building CXX object test\CMakeFiles\header_simulation_symocraft_simulation_component_h.dir\public-headers\header_simulation_symocraft_simulation_component_h.cpp.obj
[124/202] Building CXX object test\CMakeFiles\header_simulation_symocraft_simulation_physics_system_h.dir\public-headers\header_simulation_symocraft_simulation_physics_system_h.cpp.obj
[125/202] Building CXX object test\CMakeFiles\header_simulation_symocraft_simulation_playercontroller_h.dir\public-headers\header_simulation_symocraft_simulation_playercontroller_h.cpp.obj
[126/202] Building CXX object test\CMakeFiles\header_simulation_symocraft_simulation_player_math_h.dir\public-headers\header_simulation_symocraft_simulation_player_math_h.cpp.obj
[127/202] Building CXX object test\unit\ecs\CMakeFiles\registry_tests.dir\registry_tests.cpp.obj
F:\GameDevelop\OpenGLProject\Symocraft\game\modules\ecs\include\symocraft/ecs/registry.h(134): warning C4244: 'argument': conversion from 'SymoCraft::ECS::EntityId' to 'SymoCraft::ECS::EntityIndex', possible loss of data
F:\GameDevelop\OpenGLProject\Symocraft\game\modules\ecs\include\symocraft/ecs/registry.h(134): note: the template instantiation context (the oldest one first) is
F:\GameDevelop\OpenGLProject\Symocraft\test\unit\ecs\registry_tests.cpp(25): note: see reference to class template instantiation 'SymoCraft::ECS::RegistryViewer<`anonymous-namespace'::Position,`anonymous-namespace'::Velocity>' being compiled
F:\GameDevelop\OpenGLProject\Symocraft\game\modules\ecs\include\symocraft/ecs/registry.h(129): note: while compiling class template member function 'const SymoCraft::ECS::Iterator SymoCraft::ECS::RegistryViewer<`anonymous-namespace'::Position,`anonymous-namespace'::Velocity>::begin(void) const'
F:\GameDevelop\OpenGLProject\Symocraft\test\unit\ecs\registry_tests.cpp(25): note: see the first reference to 'SymoCraft::ECS::RegistryViewer<`anonymous-namespace'::Position,`anonymous-namespace'::Velocity>::begin' in 'main'
[128/202] Building CXX object test\CMakeFiles\header_telemetry_symocraft_telemetry_document_io_h.dir\public-headers\header_telemetry_symocraft_telemetry_document_io_h.cpp.obj
[129/202] Building CXX object test\CMakeFiles\header_telemetry_symocraft_telemetry_performance_h.dir\public-headers\header_telemetry_symocraft_telemetry_performance_h.cpp.obj
[130/202] Building CXX object test\unit\assets\CMakeFiles\image_tests.dir\image_tests.cpp.obj
[131/202] Building CXX object test\unit\foundation\CMakeFiles\document_tests.dir\document_tests.cpp.obj
[132/202] Building CXX object test\CMakeFiles\header_renderer_symocraft_renderer_renderer_h.dir\public-headers\header_renderer_symocraft_renderer_renderer_h.cpp.obj
[133/202] Building CXX object test\unit\assets\CMakeFiles\asset_paths_tests.dir\asset_paths_tests.cpp.obj
[134/202] Building CXX object test\unit\world\CMakeFiles\mesh_safety_tests.dir\mesh_safety_tests.cpp.obj
[135/202] Building CXX object test\unit\platform\CMakeFiles\key_snapshot_tests.dir\key_snapshot_tests.cpp.obj
[136/202] Building CXX object test\unit\app\CMakeFiles\startup_options_tests.dir\startup_options_tests.cpp.obj
E:\Applications\Microsoft VS\2022\VC\Tools\MSVC\14.38.33130\include\optional(831): warning C4389: '==': signed/unsigned mismatch
E:\Applications\Microsoft VS\2022\VC\Tools\MSVC\14.38.33130\include\optional(831): note: the template instantiation context (the oldest one first) is
F:\GameDevelop\OpenGLProject\Symocraft\test\unit\app\startup_options_tests.cpp(23): note: see reference to function template instantiation 'bool std::operator ==<uint32_t,int,0>(const std::optional<uint32_t> &,const _Ty2 &) noexcept(<expr>)' being compiled
        with
        [
            _Ty2=int
        ]
E:\Applications\Microsoft VS\2022\VC\Tools\MSVC\14.38.33130\include\optional(833): warning C4389: '==': signed/unsigned mismatch
E:\Applications\Microsoft VS\2022\VC\Tools\MSVC\14.38.33130\include\optional(833): note: the template instantiation context (the oldest one first) is
F:\GameDevelop\OpenGLProject\Symocraft\test\unit\app\startup_options_tests.cpp(23): note: see reference to function template instantiation 'bool std::operator ==<uint32_t,int,0>(const std::optional<uint32_t> &,const _Ty2 &) noexcept' being compiled
        with
        [
            _Ty2=int
        ]
[137/202] Building CXX object test\unit\simulation\CMakeFiles\player_math_tests.dir\player_math_tests.cpp.obj
[138/202] Building CXX object test\unit\world\CMakeFiles\world_generation_tests.dir\world_generation_tests.cpp.obj
[139/202] Building CXX object test\unit\renderer\CMakeFiles\gpu_timer_tests.dir\gpu_timer_tests.cpp.obj
[140/202] Building CXX object test\unit\simulation\CMakeFiles\simulation_contract_tests.dir\simulation_contract_tests.cpp.obj
[141/202] Building CXX object test\unit\renderer\CMakeFiles\shader_loading_tests.dir\shader_loading_tests.cpp.obj
[142/202] Building CXX object test\unit\telemetry\CMakeFiles\performance_tests.dir\performance_tests.cpp.obj
[143/202] Linking CXX executable bin\SymoCraft.exe
[144/202] Building CXX object test\unit\world\CMakeFiles\block_config_tests.dir\block_config_tests.cpp.obj
[145/202] Linking CXX executable test\header_foundation_symocraft_foundation_diagnostics_h.exe
[146/202] Linking CXX executable test\header_foundation_symocraft_foundation_document_h.exe
[147/202] Linking CXX executable test\header_foundation_symocraft_foundation_files_h.exe
[148/202] Linking CXX executable bin\SymoCraftBenchmark.exe
[149/202] Linking CXX executable test\header_foundation_symocraft_foundation_math_h.exe
[150/202] Linking CXX executable test\header_foundation_symocraft_foundation_memory_h.exe
[151/202] Linking CXX executable test\header_foundation_symocraft_foundation_types_h.exe
[152/202] Linking CXX executable test\header_scene_symocraft_scene_camera_h.exe
[153/202] Linking CXX executable test\header_assets_symocraft_assets_asset_paths_h.exe
[154/202] Linking CXX executable test\header_scene_symocraft_scene_mesh_h.exe
[155/202] Linking CXX executable test\header_assets_symocraft_assets_image_h.exe
[156/202] Linking CXX executable test\header_world_symocraft_world_benchmark_workload_h.exe
[157/202] Linking CXX executable test\header_world_symocraft_world_block_h.exe
[158/202] Linking CXX executable test\header_world_symocraft_world_constants_h.exe
[159/202] Linking CXX executable test\header_world_symocraft_world_chunk_manager_h.exe
[160/202] Linking CXX executable test\header_world_symocraft_world_generation_h.exe
[161/202] Building CXX object test\benchmark\CMakeFiles\benchmark_process_fixture.dir\__\support\benchmark_process_fixture.cpp.obj
[162/202] Linking CXX executable test\header_world_symocraft_world_test_scene_h.exe
[163/202] Building CXX object test\unit\renderer\CMakeFiles\batch_safety_tests.dir\batch_safety_tests.cpp.obj
[164/202] Linking CXX executable test\header_world_symocraft_world_world_h.exe
[165/202] Linking CXX executable test\header_ecs_symocraft_ecs_registry_h.exe
[166/202] Linking CXX executable test\header_simulation_symocraft_simulation_camera_h.exe
[167/202] Linking CXX executable test\header_simulation_symocraft_simulation_character_system_h.exe
[168/202] Linking CXX executable test\header_simulation_symocraft_simulation_component_h.exe
[169/202] Linking CXX executable test\header_simulation_symocraft_simulation_physics_system_h.exe
[170/202] Linking CXX executable test\header_simulation_symocraft_simulation_player_math_h.exe
[171/202] Linking CXX executable test\header_simulation_symocraft_simulation_player_h.exe
[172/202] Linking CXX executable test\header_simulation_symocraft_simulation_playercontroller_h.exe
[173/202] Linking CXX executable test\header_simulation_symocraft_simulation_transform_system_h.exe
[174/202] Linking CXX executable test\header_platform_symocraft_platform_process_memory_h.exe
[175/202] Linking CXX executable test\header_platform_symocraft_platform_window_h.exe
[176/202] Linking CXX executable test\header_platform_symocraft_platform_key_snapshot_h.exe
[177/202] Linking CXX executable test\header_renderer_symocraft_renderer_gpu_timer_h.exe
[178/202] Linking CXX executable test\header_renderer_symocraft_renderer_render_stats_h.exe
[179/202] Linking CXX executable test\header_renderer_symocraft_renderer_renderer_h.exe
[180/202] Building CXX object test\benchmark\CMakeFiles\benchmark_fixture.dir\__\support\benchmark_fixture.cpp.obj
[181/202] Linking CXX executable test\header_telemetry_symocraft_telemetry_document_io_h.exe
[182/202] Linking CXX executable test\header_telemetry_symocraft_telemetry_performance_h.exe
[183/202] Linking CXX executable bin\asset_paths_tests.exe
[184/202] Linking CXX executable test\unit\assets\image_tests.exe
[185/202] Linking CXX executable test\unit\foundation\document_tests.exe
[186/202] Linking CXX executable test\unit\ecs\registry_tests.exe
[187/202] Linking CXX executable test\unit\world\mesh_safety_tests.exe
[188/202] Linking CXX executable test\unit\simulation\player_math_tests.exe
[189/202] Linking CXX executable test\unit\world\world_generation_tests.exe
[190/202] Linking CXX executable test\unit\world\block_config_tests.exe
[191/202] Linking CXX executable test\unit\simulation\simulation_contract_tests.exe
[192/202] Linking CXX executable test\unit\telemetry\performance_tests.exe
[193/202] Linking CXX executable test\unit\platform\key_snapshot_tests.exe
[194/202] Linking CXX executable test\unit\app\startup_options_tests.exe
[195/202] Linking CXX executable test\unit\renderer\shader_loading_tests.exe
[196/202] Linking CXX executable test\unit\renderer\batch_safety_tests.exe
[197/202] Linking CXX executable test\unit\renderer\gpu_timer_tests.exe
[198/202] Linking CXX executable test\benchmark\benchmark_process_fixture.exe
[199/202] Building CXX object test\benchmark\CMakeFiles\benchmark_runner_tests.dir\runner_tests.cpp.obj
[200/202] Linking CXX executable test\benchmark\benchmark_fixture.exe
[201/202] Linking CXX executable test\benchmark\benchmark_runner_tests.exe
