-- Install configuration: "Release"
-- Installing: F:/GameDevelop/OpenGLProject/Symocraft/out/m3-t0/install/full-release/./SymoCraft.exe
-- Up-to-date: F:/GameDevelop/OpenGLProject/Symocraft/out/m3-t0/install/full-release/licenses/GLFW-LICENSE.md
-- Up-to-date: F:/GameDevelop/OpenGLProject/Symocraft/out/m3-t0/install/full-release/licenses/stb-LICENSE.txt
-- Up-to-date: F:/GameDevelop/OpenGLProject/Symocraft/out/m3-t0/install/full-release/assets/configs/blockFormats.yaml
-- Up-to-date: F:/GameDevelop/OpenGLProject/Symocraft/out/m3-t0/install/full-release/assets/shaders/vs_BlockShader.glsl
-- Up-to-date: F:/GameDevelop/OpenGLProject/Symocraft/out/m3-t0/install/full-release/assets/shaders/fs_BlockShader.glsl
-- Up-to-date: F:/GameDevelop/OpenGLProject/Symocraft/out/m3-t0/install/full-release/assets/shaders/vs_FrameShader.glsl
-- Up-to-date: F:/GameDevelop/OpenGLProject/Symocraft/out/m3-t0/install/full-release/assets/shaders/fs_FrameShader.glsl
-- Up-to-date: F:/GameDevelop/OpenGLProject/Symocraft/out/m3-t0/install/full-release/assets/textures/texture_atlas.png
-- Up-to-date: F:/GameDevelop/OpenGLProject/Symocraft/out/m3-t0/install/full-release/./SymoCraftBenchmark.exe
-- Up-to-date: F:/GameDevelop/OpenGLProject/Symocraft/out/m3-t0/install/full-release/./BENCHMARK-README.zh-CN.md
-- Up-to-date: F:/GameDevelop/OpenGLProject/Symocraft/out/m3-t0/install/full-release/./THIRD-PARTY-INVENTORY.md
-- Up-to-date: F:/GameDevelop/OpenGLProject/Symocraft/out/m3-t0/install/full-release/./msvcp140.dll
-- Up-to-date: F:/GameDevelop/OpenGLProject/Symocraft/out/m3-t0/install/full-release/./msvcp140_1.dll
-- Up-to-date: F:/GameDevelop/OpenGLProject/Symocraft/out/m3-t0/install/full-release/./msvcp140_2.dll
-- Up-to-date: F:/GameDevelop/OpenGLProject/Symocraft/out/m3-t0/install/full-release/./msvcp140_atomic_wait.dll
-- Up-to-date: F:/GameDevelop/OpenGLProject/Symocraft/out/m3-t0/install/full-release/./msvcp140_codecvt_ids.dll
-- Up-to-date: F:/GameDevelop/OpenGLProject/Symocraft/out/m3-t0/install/full-release/./vcruntime140_1.dll
-- Up-to-date: F:/GameDevelop/OpenGLProject/Symocraft/out/m3-t0/install/full-release/./vcruntime140.dll
-- Up-to-date: F:/GameDevelop/OpenGLProject/Symocraft/out/m3-t0/install/full-release/./concrt140.dll
-- Up-to-date: F:/GameDevelop/OpenGLProject/Symocraft/out/m3-t0/install/full-release/.
