[0/2] Re-checking globbed directories...
[1/15] Synchronizing required SymoCraft runtime assets
[2/15] Building CXX object game\modules\world\CMakeFiles\symocraft_world.dir\src\chunk_manager.cpp.obj
[3/15] Building CXX object game\modules\simulation\CMakeFiles\symocraft_simulation.dir\src\physics_system.cpp.obj
F:\GameDevelop\OpenGLProject\Symocraft\game\modules\simulation\src\physics_system.cpp(134): warning C4100: 'entity': unreferenced formal parameter
F:\GameDevelop\OpenGLProject\Symocraft\game\modules\simulation\src\physics_system.cpp(223): warning C4100: 'rb1': unreferenced formal parameter
F:\GameDevelop\OpenGLProject\Symocraft\game\modules\ecs\include\symocraft/ecs/registry.h(134): warning C4244: 'argument': conversion from 'SymoCraft::ECS::EntityId' to 'SymoCraft::ECS::EntityIndex', possible loss of data
F:\GameDevelop\OpenGLProject\Symocraft\game\modules\ecs\include\symocraft/ecs/registry.h(134): note: the template instantiation context (the oldest one first) is
F:\GameDevelop\OpenGLProject\Symocraft\game\modules\simulation\src\physics_system.cpp(86): note: see reference to class template instantiation 'SymoCraft::ECS::RegistryViewer<SymoCraft::Transform,SymoCraft::Physics::RigidBody,SymoCraft::Physics::HitBox>' being compiled
F:\GameDevelop\OpenGLProject\Symocraft\game\modules\ecs\include\symocraft/ecs/registry.h(129): note: while compiling class template member function 'const SymoCraft::ECS::Iterator SymoCraft::ECS::RegistryViewer<SymoCraft::Transform,SymoCraft::Physics::RigidBody,SymoCraft::Physics::HitBox>::begin(void) const'
F:\GameDevelop\OpenGLProject\Symocraft\game\modules\simulation\src\physics_system.cpp(86): note: see the first reference to 'SymoCraft::ECS::RegistryViewer<SymoCraft::Transform,SymoCraft::Physics::RigidBody,SymoCraft::Physics::HitBox>::begin' in 'SymoCraft::Physics::Update'
[4/15] Building CXX object game\modules\simulation\CMakeFiles\symocraft_simulation.dir\src\playercontroller.cpp.obj
[5/15] Building CXX object game\modules\world\CMakeFiles\symocraft_world.dir\src\test_scene.cpp.obj
[6/15] Building CXX object game\modules\world\CMakeFiles\symocraft_world.dir\src\chunk.cpp.obj
[7/15] Building CXX object game\modules\renderer\CMakeFiles\symocraft_renderer.dir\src\renderer.cpp.obj
[8/15] Building CXX object game\modules\world\CMakeFiles\symocraft_world.dir\src\generation.cpp.obj
[9/15] Linking CXX static library game\modules\world\symocraft_world.lib
[10/15] Linking CXX static library game\modules\simulation\symocraft_simulation.lib
[11/15] Building CXX object game\modules\renderer\CMakeFiles\symocraft_renderer.dir\src\performance_memory.cpp.obj
[12/15] Linking CXX static library game\modules\renderer\symocraft_renderer.lib
[13/15] Building CXX object game\app\CMakeFiles\SymoCraft.dir\src\application.cpp.obj
F:\GameDevelop\OpenGLProject\Symocraft\game\app\src\application.cpp(127): warning C4389: '!=': signed/unsigned mismatch
F:\GameDevelop\OpenGLProject\Symocraft\game\app\src\application.cpp(127): warning C4389: '!=': signed/unsigned mismatch
F:\GameDevelop\OpenGLProject\Symocraft\game\app\src\application.cpp(274): warning C4389: '!=': signed/unsigned mismatch
F:\GameDevelop\OpenGLProject\Symocraft\game\app\src\application.cpp(274): warning C4389: '!=': signed/unsigned mismatch
[14/15] Linking CXX executable bin\SymoCraft.exe
