cmake version 4.3.1

CMake suite maintained and supported by Kitware (kitware.com/cmake).
1.13.2
-- The C compiler identification is MSVC 19.38.33145.0
-- The CXX compiler identification is MSVC 19.38.33145.0
-- Detecting C compiler ABI info
-- Detecting C compiler ABI info - done
-- Check for working C compiler: E:/Applications/Microsoft VS/2022/VC/Tools/MSVC/14.38.33130/bin/HostX64/x64/cl.exe - skipped
-- Detecting C compile features
-- Detecting C compile features - done
-- Detecting CXX compiler ABI info
-- Detecting CXX compiler ABI info - done
-- Check for working CXX compiler: E:/Applications/Microsoft VS/2022/VC/Tools/MSVC/14.38.33130/bin/HostX64/x64/cl.exe - skipped
-- Detecting CXX compile features
-- Detecting CXX compile features - done
-- Performing Test CMAKE_HAVE_LIBC_PTHREAD
-- Performing Test CMAKE_HAVE_LIBC_PTHREAD - Failed
-- Looking for pthread_create in pthreads
-- Looking for pthread_create in pthreads - not found
-- Looking for pthread_create in pthread
-- Looking for pthread_create in pthread - not found
-- Found Threads: TRUE
-- Using Win32 for window creation
-- Configuring done (2.4s)
-- Generating done (0.1s)
-- Build files have been written to: F:/GameDevelop/OpenGLProject/Symocraft/out/m2-a/release
[1/90] Building C object CMakeFiles\symocraft_glad.dir\vendor\glad\glad.c.obj
[2/90] Building CXX object CMakeFiles\symocraft_yaml.dir\vendor\yaml-cpp\src\directives.cpp.obj
[3/90] Building CXX object CMakeFiles\symocraft_yaml.dir\vendor\yaml-cpp\src\binary.cpp.obj
[4/90] Building CXX object CMakeFiles\symocraft_yaml.dir\vendor\yaml-cpp\src\depthguard.cpp.obj
[5/90] Building CXX object CMakeFiles\symocraft_yaml.dir\vendor\yaml-cpp\src\emitfromevents.cpp.obj
[6/90] Building CXX object CMakeFiles\symocraft_yaml.dir\vendor\yaml-cpp\src\emit.cpp.obj
[7/90] Building CXX object CMakeFiles\symocraft_yaml.dir\vendor\yaml-cpp\src\emitter.cpp.obj
[8/90] Building CXX object CMakeFiles\symocraft_yaml.dir\vendor\yaml-cpp\src\convert.cpp.obj
[9/90] Building CXX object CMakeFiles\symocraft_yaml.dir\vendor\yaml-cpp\src\exceptions.cpp.obj
[10/90] Building CXX object CMakeFiles\symocraft_yaml.dir\vendor\yaml-cpp\src\emitterstate.cpp.obj
[11/90] Building CXX object CMakeFiles\symocraft_yaml.dir\vendor\yaml-cpp\src\node.cpp.obj
[12/90] Building CXX object CMakeFiles\symocraft_yaml.dir\vendor\yaml-cpp\src\emitterutils.cpp.obj
[13/90] Building CXX object CMakeFiles\symocraft_yaml.dir\vendor\yaml-cpp\src\memory.cpp.obj
[14/90] Building CXX object CMakeFiles\symocraft_yaml.dir\vendor\yaml-cpp\src\null.cpp.obj
[15/90] Building CXX object CMakeFiles\symocraft_yaml.dir\vendor\yaml-cpp\src\exp.cpp.obj
[16/90] Building CXX object CMakeFiles\symocraft_yaml.dir\vendor\yaml-cpp\src\nodeevents.cpp.obj
[17/90] Building CXX object CMakeFiles\symocraft_yaml.dir\vendor\yaml-cpp\src\node_data.cpp.obj
[18/90] Building CXX object CMakeFiles\symocraft_yaml.dir\vendor\yaml-cpp\src\nodebuilder.cpp.obj
[19/90] Building CXX object CMakeFiles\symocraft_yaml.dir\vendor\yaml-cpp\src\ostream_wrapper.cpp.obj
[20/90] Building CXX object CMakeFiles\symocraft_yaml.dir\vendor\yaml-cpp\src\regex_yaml.cpp.obj
[21/90] Building CXX object CMakeFiles\symocraft_yaml.dir\vendor\yaml-cpp\src\parse.cpp.obj
[22/90] Building CXX object CMakeFiles\symocraft_yaml.dir\vendor\yaml-cpp\src\parser.cpp.obj
[23/90] Building CXX object CMakeFiles\symocraft_yaml.dir\vendor\yaml-cpp\src\scantag.cpp.obj
[24/90] Building CXX object CMakeFiles\symocraft_yaml.dir\vendor\yaml-cpp\src\scanner.cpp.obj
[25/90] Building CXX object CMakeFiles\symocraft_yaml.dir\vendor\yaml-cpp\src\scanscalar.cpp.obj
[26/90] Building CXX object CMakeFiles\symocraft_yaml.dir\vendor\yaml-cpp\src\stream.cpp.obj
[27/90] Building CXX object CMakeFiles\symocraft_yaml.dir\vendor\yaml-cpp\src\scantoken.cpp.obj
[28/90] Building CXX object CMakeFiles\symocraft_yaml.dir\vendor\yaml-cpp\src\simplekey.cpp.obj
[29/90] Building C object vendor\glfw\src\CMakeFiles\glfw.dir\context.c.obj
[30/90] Building C object vendor\glfw\src\CMakeFiles\glfw.dir\init.c.obj
[31/90] Building C object vendor\glfw\src\CMakeFiles\glfw.dir\monitor.c.obj
[32/90] Building C object vendor\glfw\src\CMakeFiles\glfw.dir\input.c.obj
[33/90] Building CXX object CMakeFiles\symocraft_yaml.dir\vendor\yaml-cpp\src\tag.cpp.obj
[34/90] Building CXX object CMakeFiles\symocraft_yaml.dir\vendor\yaml-cpp\src\singledocparser.cpp.obj
[35/90] Building C object vendor\glfw\src\CMakeFiles\glfw.dir\vulkan.c.obj
[36/90] Building C object vendor\glfw\src\CMakeFiles\glfw.dir\window.c.obj
[37/90] Building C object vendor\glfw\src\CMakeFiles\glfw.dir\win32_init.c.obj
[38/90] Building C object vendor\glfw\src\CMakeFiles\glfw.dir\win32_joystick.c.obj
[39/90] Synchronizing required SymoCraft runtime assets
[40/90] Building C object vendor\glfw\src\CMakeFiles\glfw.dir\win32_time.c.obj
[41/90] Building C object vendor\glfw\src\CMakeFiles\glfw.dir\win32_monitor.c.obj
[42/90] Building C object vendor\glfw\src\CMakeFiles\glfw.dir\win32_thread.c.obj
[43/90] Linking C static library symocraft_glad.lib
[44/90] Linking CXX static library symocraft_yaml.lib
[45/90] Building C object vendor\glfw\src\CMakeFiles\glfw.dir\win32_window.c.obj
[46/90] Building C object vendor\glfw\src\CMakeFiles\glfw.dir\egl_context.c.obj
[47/90] Building C object vendor\glfw\src\CMakeFiles\glfw.dir\wgl_context.c.obj
[48/90] Building C object vendor\glfw\src\CMakeFiles\glfw.dir\osmesa_context.c.obj
[49/90] Building CXX object CMakeFiles\symocraft_assets.dir\src\core\asset_paths.cpp.obj
[50/90] Linking CXX static library symocraft_assets.lib
[51/90] Building CXX object CMakeFiles\SymoCraft.dir\src\main.cpp.obj
[52/90] Building CXX object CMakeFiles\SymoCraft.dir\include\MemoryAllocator\AmoBase.cpp.obj
[53/90] Building CXX object CMakeFiles\SymoCraft.dir\src\camera\Camera.cpp.obj
[54/90] Building CXX object CMakeFiles\SymoCraft.dir\src\core\global_thread_pool.cpp.obj
[55/90] Building CXX object CMakeFiles\SymoCraft.dir\src\core\ECS\internal.cpp.obj
[56/90] Building CXX object CMakeFiles\SymoCraft.dir\src\core\window.cpp.obj
[57/90] Building CXX object CMakeFiles\SymoCraft.dir\src\core\application.cpp.obj
[58/90] Building CXX object CMakeFiles\SymoCraft.dir\src\core\ECS\registry.cpp.obj
[59/90] Building CXX object CMakeFiles\SymoCraft.dir\src\core\ECS\Systems\character_system.cpp.obj
[60/90] Building CXX object CMakeFiles\SymoCraft.dir\src\core\ECS\Systems\physics_system.cpp.obj
[61/90] Building CXX object CMakeFiles\SymoCraft.dir\src\input\input.cpp.obj
[62/90] Building CXX object CMakeFiles\SymoCraft.dir\src\core\ECS\Systems\transform_system.cpp.obj
[63/90] Building CXX object CMakeFiles\SymoCraft.dir\src\input\key_bindings.cpp.obj
[64/90] Building CXX object CMakeFiles\SymoCraft.dir\src\event\event.cpp.obj
[65/90] Building CXX object CMakeFiles\SymoCraft.dir\src\input\key_handler.cpp.obj
[66/90] Building CXX object CMakeFiles\SymoCraft.dir\src\playercontroller\playercontroller.cpp.obj
[67/90] Building CXX object CMakeFiles\SymoCraft.dir\src\renderer\renderer.cpp.obj
[68/90] Linking C static library vendor\glfw\src\glfw3.lib
[69/90] Building CXX object CMakeFiles\SymoCraft.dir\src\renderer\shader.cpp.obj
[70/90] Building CXX object tests\CMakeFiles\player_math_tests.dir\player_math_tests.cpp.obj
[71/90] Building CXX object CMakeFiles\SymoCraft.dir\src\renderer\texture.cpp.obj
[72/90] Building CXX object CMakeFiles\SymoCraft.dir\src\world\chunk.cpp.obj
[73/90] Building CXX object CMakeFiles\SymoCraft.dir\src\renderer\shader_program.cpp.obj
[74/90] Building CXX object CMakeFiles\SymoCraft.dir\src\world\block.cpp.obj
[75/90] Building CXX object CMakeFiles\SymoCraft.dir\src\world\chunk_manager.cpp.obj
[76/90] Building CXX object tests\CMakeFiles\asset_paths_tests.dir\asset_paths_tests.cpp.obj
[77/90] Building CXX object CMakeFiles\SymoCraft.dir\src\world\world.cpp.obj
[78/90] Linking CXX executable bin\SymoCraft.exe
[79/90] Linking CXX executable bin\asset_paths_tests.exe
[80/90] Linking CXX executable tests\player_math_tests.exe
[81/90] Building CXX object tests\CMakeFiles\mesh_safety_tests.dir\__\include\MemoryAllocator\AmoBase.cpp.obj
F:\GameDevelop\OpenGLProject\Symocraft\include\MemoryAllocator\AmoBase.cpp(338): warning C4996: 'localtime': This function or variable may be unsafe. Consider using localtime_s instead. To disable deprecation, use _CRT_SECURE_NO_WARNINGS. See online help for details.
F:\GameDevelop\OpenGLProject\Symocraft\include\MemoryAllocator\AmoBase.cpp(363): warning C4996: 'localtime': This function or variable may be unsafe. Consider using localtime_s instead. To disable deprecation, use _CRT_SECURE_NO_WARNINGS. See online help for details.
F:\GameDevelop\OpenGLProject\Symocraft\include\MemoryAllocator\AmoBase.cpp(388): warning C4996: 'localtime': This function or variable may be unsafe. Consider using localtime_s instead. To disable deprecation, use _CRT_SECURE_NO_WARNINGS. See online help for details.
F:\GameDevelop\OpenGLProject\Symocraft\include\MemoryAllocator\AmoBase.cpp(413): warning C4996: 'localtime': This function or variable may be unsafe. Consider using localtime_s instead. To disable deprecation, use _CRT_SECURE_NO_WARNINGS. See online help for details.
F:\GameDevelop\OpenGLProject\Symocraft\include\MemoryAllocator\AmoBase.cpp(438): warning C4996: 'localtime': This function or variable may be unsafe. Consider using localtime_s instead. To disable deprecation, use _CRT_SECURE_NO_WARNINGS. See online help for details.
[82/90] Building CXX object tests\CMakeFiles\batch_safety_tests.dir\batch_safety_tests.cpp.obj
F:\GameDevelop\OpenGLProject\Symocraft\include\MemoryAllocator/RawMemory.h(51): warning C4458: declaration of 'offset' hides class member
F:\GameDevelop\OpenGLProject\Symocraft\include\MemoryAllocator/RawMemory.h(13): note: see declaration of 'RawMemory::offset'
F:\GameDevelop\OpenGLProject\Symocraft\include\MemoryAllocator/RawMemory.h(59): warning C4458: declaration of 'data' hides class member
F:\GameDevelop\OpenGLProject\Symocraft\include\MemoryAllocator/RawMemory.h(11): note: see declaration of 'RawMemory::data'
F:\GameDevelop\OpenGLProject\Symocraft\include\MemoryAllocator/RawMemory.h(59): warning C4100: 'data': unreferenced formal parameter
F:\GameDevelop\OpenGLProject\Symocraft\include\MemoryAllocator/RawMemory.h(64): warning C4189: 'new_size': local variable is initialized but not referenced
F:\GameDevelop\OpenGLProject\Symocraft\include\MemoryAllocator/RawMemory.h(70): warning C4458: declaration of 'data' hides class member
F:\GameDevelop\OpenGLProject\Symocraft\include\MemoryAllocator/RawMemory.h(11): note: see declaration of 'RawMemory::data'
[83/90] Building CXX object tests\CMakeFiles\mesh_safety_tests.dir\mesh_safety_tests.cpp.obj
F:\GameDevelop\OpenGLProject\Symocraft\include\MemoryAllocator/RawMemory.h(51): warning C4458: declaration of 'offset' hides class member
F:\GameDevelop\OpenGLProject\Symocraft\include\MemoryAllocator/RawMemory.h(13): note: see declaration of 'RawMemory::offset'
F:\GameDevelop\OpenGLProject\Symocraft\include\MemoryAllocator/RawMemory.h(59): warning C4458: declaration of 'data' hides class member
F:\GameDevelop\OpenGLProject\Symocraft\include\MemoryAllocator/RawMemory.h(11): note: see declaration of 'RawMemory::data'
F:\GameDevelop\OpenGLProject\Symocraft\include\MemoryAllocator/RawMemory.h(59): warning C4100: 'data': unreferenced formal parameter
F:\GameDevelop\OpenGLProject\Symocraft\include\MemoryAllocator/RawMemory.h(64): warning C4189: 'new_size': local variable is initialized but not referenced
F:\GameDevelop\OpenGLProject\Symocraft\include\MemoryAllocator/RawMemory.h(70): warning C4458: declaration of 'data' hides class member
F:\GameDevelop\OpenGLProject\Symocraft\include\MemoryAllocator/RawMemory.h(11): note: see declaration of 'RawMemory::data'
[84/90] Linking CXX executable tests\batch_safety_tests.exe
[85/90] Building CXX object tests\CMakeFiles\mesh_safety_tests.dir\__\src\world\chunk.cpp.obj
F:\GameDevelop\OpenGLProject\Symocraft\include\MemoryAllocator/RawMemory.h(51): warning C4458: declaration of 'offset' hides class member
F:\GameDevelop\OpenGLProject\Symocraft\include\MemoryAllocator/RawMemory.h(13): note: see declaration of 'RawMemory::offset'
F:\GameDevelop\OpenGLProject\Symocraft\include\MemoryAllocator/RawMemory.h(59): warning C4458: declaration of 'data' hides class member
F:\GameDevelop\OpenGLProject\Symocraft\include\MemoryAllocator/RawMemory.h(11): note: see declaration of 'RawMemory::data'
F:\GameDevelop\OpenGLProject\Symocraft\include\MemoryAllocator/RawMemory.h(59): warning C4100: 'data': unreferenced formal parameter
F:\GameDevelop\OpenGLProject\Symocraft\include\MemoryAllocator/RawMemory.h(64): warning C4189: 'new_size': local variable is initialized but not referenced
F:\GameDevelop\OpenGLProject\Symocraft\include\MemoryAllocator/RawMemory.h(70): warning C4458: declaration of 'data' hides class member
F:\GameDevelop\OpenGLProject\Symocraft\include\MemoryAllocator/RawMemory.h(11): note: see declaration of 'RawMemory::data'
F:\GameDevelop\OpenGLProject\Symocraft\src\world\chunk.cpp(139): warning C4305: 'argument': truncation from 'double' to 'float'
F:\GameDevelop\OpenGLProject\Symocraft\src\world\chunk.cpp(140): warning C4305: 'argument': truncation from 'double' to 'float'
F:\GameDevelop\OpenGLProject\Symocraft\src\world\chunk.cpp(141): warning C4305: 'argument': truncation from 'double' to 'float'
[86/90] Building CXX object tests\CMakeFiles\mesh_safety_tests.dir\__\src\world\chunk_manager.cpp.obj
F:\GameDevelop\OpenGLProject\Symocraft\include\MemoryAllocator/RawMemory.h(51): warning C4458: declaration of 'offset' hides class member
F:\GameDevelop\OpenGLProject\Symocraft\include\MemoryAllocator/RawMemory.h(13): note: see declaration of 'RawMemory::offset'
F:\GameDevelop\OpenGLProject\Symocraft\include\MemoryAllocator/RawMemory.h(59): warning C4458: declaration of 'data' hides class member
F:\GameDevelop\OpenGLProject\Symocraft\include\MemoryAllocator/RawMemory.h(11): note: see declaration of 'RawMemory::data'
F:\GameDevelop\OpenGLProject\Symocraft\include\MemoryAllocator/RawMemory.h(59): warning C4100: 'data': unreferenced formal parameter
F:\GameDevelop\OpenGLProject\Symocraft\include\MemoryAllocator/RawMemory.h(64): warning C4189: 'new_size': local variable is initialized but not referenced
F:\GameDevelop\OpenGLProject\Symocraft\include\MemoryAllocator/RawMemory.h(70): warning C4458: declaration of 'data' hides class member
F:\GameDevelop\OpenGLProject\Symocraft\include\MemoryAllocator/RawMemory.h(11): note: see declaration of 'RawMemory::data'
[87/90] Linking CXX executable tests\mesh_safety_tests.exe
[88/90] Building CXX object tests\CMakeFiles\block_config_tests.dir\block_config_tests.cpp.obj
F:\GameDevelop\OpenGLProject\Symocraft\include\MemoryAllocator/RawMemory.h(51): warning C4458: declaration of 'offset' hides class member
F:\GameDevelop\OpenGLProject\Symocraft\include\MemoryAllocator/RawMemory.h(13): note: see declaration of 'RawMemory::offset'
F:\GameDevelop\OpenGLProject\Symocraft\include\MemoryAllocator/RawMemory.h(59): warning C4458: declaration of 'data' hides class member
F:\GameDevelop\OpenGLProject\Symocraft\include\MemoryAllocator/RawMemory.h(11): note: see declaration of 'RawMemory::data'
F:\GameDevelop\OpenGLProject\Symocraft\include\MemoryAllocator/RawMemory.h(59): warning C4100: 'data': unreferenced formal parameter
F:\GameDevelop\OpenGLProject\Symocraft\include\MemoryAllocator/RawMemory.h(64): warning C4189: 'new_size': local variable is initialized but not referenced
F:\GameDevelop\OpenGLProject\Symocraft\include\MemoryAllocator/RawMemory.h(70): warning C4458: declaration of 'data' hides class member
F:\GameDevelop\OpenGLProject\Symocraft\include\MemoryAllocator/RawMemory.h(11): note: see declaration of 'RawMemory::data'
[89/90] Building CXX object tests\CMakeFiles\block_config_tests.dir\__\src\world\block.cpp.obj
F:\GameDevelop\OpenGLProject\Symocraft\include\MemoryAllocator/RawMemory.h(51): warning C4458: declaration of 'offset' hides class member
F:\GameDevelop\OpenGLProject\Symocraft\include\MemoryAllocator/RawMemory.h(13): note: see declaration of 'RawMemory::offset'
F:\GameDevelop\OpenGLProject\Symocraft\include\MemoryAllocator/RawMemory.h(59): warning C4458: declaration of 'data' hides class member
F:\GameDevelop\OpenGLProject\Symocraft\include\MemoryAllocator/RawMemory.h(11): note: see declaration of 'RawMemory::data'
F:\GameDevelop\OpenGLProject\Symocraft\include\MemoryAllocator/RawMemory.h(59): warning C4100: 'data': unreferenced formal parameter
F:\GameDevelop\OpenGLProject\Symocraft\include\MemoryAllocator/RawMemory.h(64): warning C4189: 'new_size': local variable is initialized but not referenced
F:\GameDevelop\OpenGLProject\Symocraft\include\MemoryAllocator/RawMemory.h(70): warning C4458: declaration of 'data' hides class member
F:\GameDevelop\OpenGLProject\Symocraft\include\MemoryAllocator/RawMemory.h(11): note: see declaration of 'RawMemory::data'
[90/90] Linking CXX executable tests\block_config_tests.exe
