Microsoft (R) COFF/PE Dumper Version 14.38.33145.0
Copyright (C) Microsoft Corporation.  All rights reserved.


Dump of file out\install\m2-a\SymoCraft.exe

File Type: EXECUTABLE IMAGE

  Image has the following dependencies:

    KERNEL32.dll
    USER32.dll
    GDI32.dll
    SHELL32.dll
    MSVCP140.dll
    VCRUNTIME140.dll
    VCRUNTIME140_1.dll
    api-ms-win-crt-heap-l1-1-0.dll
    api-ms-win-crt-runtime-l1-1-0.dll
    api-ms-win-crt-stdio-l1-1-0.dll
    api-ms-win-crt-time-l1-1-0.dll
    api-ms-win-crt-math-l1-1-0.dll
    api-ms-win-crt-convert-l1-1-0.dll
    api-ms-win-crt-string-l1-1-0.dll
    api-ms-win-crt-filesystem-l1-1-0.dll
    api-ms-win-crt-utility-l1-1-0.dll
    api-ms-win-crt-locale-l1-1-0.dll

  Summary

        A000 .data
        5000 .pdata
       33000 .rdata
        1000 .reloc
        1000 .rsrc
       5F000 .text
