-- The C compiler identification is MSVC 19.38.33145.0
-- The CXX compiler identification is MSVC 19.38.33145.0
-- Detecting C compiler ABI info
-- Detecting C compiler ABI info - failed
-- Check for working C compiler: E:/Applications/Microsoft VS/2022/VC/Tools/MSVC/14.38.33130/bin/Hostx64/x64/cl.exe
-- Check for working C compiler: E:/Applications/Microsoft VS/2022/VC/Tools/MSVC/14.38.33130/bin/Hostx64/x64/cl.exe - broken
CMake Error at E:/Applications/JetBrains/CLion/bin/cmake/win/x64/share/cmake-4.3/Modules/CMakeTestCCompiler.cmake:67 (message):
  The C compiler

    "E:/Applications/Microsoft VS/2022/VC/Tools/MSVC/14.38.33130/bin/Hostx64/x64/cl.exe"

  is not able to compile a simple test program.

  It fails with the following output:

    Change Dir: 'F:/GameDevelop/OpenGLProject/Symocraft/out/m3-t1/build/cpu-debug/CMakeFiles/CMakeScratch/TryCompile-5izh31'
    
    Run Build Command(s): E:\Applications\JetBrains\CLion\bin\ninja\win\x64\ninja.exe -v cmTC_09dfe
    [1/2] "E:\Applications\Microsoft VS\2022\VC\Tools\MSVC\14.38.33130\bin\Hostx64\x64\cl.exe"  /nologo -D_MBCS  /DWIN32 /D_WINDOWS  /Zi /Ob0 /Od /RTC1 -MDd /showIncludes /FoCMakeFiles\cmTC_09dfe.dir\testCCompiler.c.obj /FdCMakeFiles\cmTC_09dfe.dir\ /FS -c F:\GameDevelop\OpenGLProject\Symocraft\out\m3-t1\build\cpu-debug\CMakeFiles\CMakeScratch\TryCompile-5izh31\testCCompiler.c
    FAILED: [code=2] CMakeFiles/cmTC_09dfe.dir/testCCompiler.c.obj 
    "E:\Applications\Microsoft VS\2022\VC\Tools\MSVC\14.38.33130\bin\Hostx64\x64\cl.exe"  /nologo -D_MBCS  /DWIN32 /D_WINDOWS  /Zi /Ob0 /Od /RTC1 -MDd /showIncludes /FoCMakeFiles\cmTC_09dfe.dir\testCCompiler.c.obj /FdCMakeFiles\cmTC_09dfe.dir\ /FS -c F:\GameDevelop\OpenGLProject\Symocraft\out\m3-t1\build\cpu-debug\CMakeFiles\CMakeScratch\TryCompile-5izh31\testCCompiler.c
    F:\GameDevelop\OpenGLProject\Symocraft\out\m3-t1\build\cpu-debug\CMakeFiles\CMakeScratch\TryCompile-5izh31\testCCompiler.c: fatal error C1902: Program database manager mismatch; please check your installation
    ninja: build stopped: subcommand failed.
    
    



  CMake will not be able to correctly generate this project.
Call Stack (most recent call first):
  CMakeLists.txt:2 (project)


-- Configuring incomplete, errors occurred!
